Archive member included to satisfy reference by file (symbol)

/usr/lib/gcc/arm-none-eabi/9.2.1/../../../arm-none-eabi/lib/thumb/v7e-m+fp/hard/libc_nano.a(lib_a-atexit.o)
                              /usr/lib/gcc/arm-none-eabi/9.2.1/../../../arm-none-eabi/lib/thumb/v7e-m+fp/hard/crt0.o (atexit)
/usr/lib/gcc/arm-none-eabi/9.2.1/../../../arm-none-eabi/lib/thumb/v7e-m+fp/hard/libc_nano.a(lib_a-ctype_.o)
                              _build/nrf52840_xxaa/nrf_log_str_formatter.c.o (_ctype_)
/usr/lib/gcc/arm-none-eabi/9.2.1/../../../arm-none-eabi/lib/thumb/v7e-m+fp/hard/libc_nano.a(lib_a-exit.o)
                              /usr/lib/gcc/arm-none-eabi/9.2.1/../../../arm-none-eabi/lib/thumb/v7e-m+fp/hard/crt0.o (exit)
/usr/lib/gcc/arm-none-eabi/9.2.1/../../../arm-none-eabi/lib/thumb/v7e-m+fp/hard/libc_nano.a(lib_a-fini.o)
                              /usr/lib/gcc/arm-none-eabi/9.2.1/../../../arm-none-eabi/lib/thumb/v7e-m+fp/hard/crt0.o (__libc_fini_array)
/usr/lib/gcc/arm-none-eabi/9.2.1/../../../arm-none-eabi/lib/thumb/v7e-m+fp/hard/libc_nano.a(lib_a-impure.o)
                              /usr/lib/gcc/arm-none-eabi/9.2.1/../../../arm-none-eabi/lib/thumb/v7e-m+fp/hard/libc_nano.a(lib_a-exit.o) (_global_impure_ptr)
/usr/lib/gcc/arm-none-eabi/9.2.1/../../../arm-none-eabi/lib/thumb/v7e-m+fp/hard/libc_nano.a(lib_a-init.o)
                              /usr/lib/gcc/arm-none-eabi/9.2.1/../../../arm-none-eabi/lib/thumb/v7e-m+fp/hard/crt0.o (__libc_init_array)
/usr/lib/gcc/arm-none-eabi/9.2.1/../../../arm-none-eabi/lib/thumb/v7e-m+fp/hard/libc_nano.a(lib_a-memcmp.o)
                              _build/nrf52840_xxaa/ble_advdata.c.o (memcmp)
/usr/lib/gcc/arm-none-eabi/9.2.1/../../../arm-none-eabi/lib/thumb/v7e-m+fp/hard/libc_nano.a(lib_a-memcpy.o)
                              _build/nrf52840_xxaa/nrf_log_frontend.c.o (memcpy)
/usr/lib/gcc/arm-none-eabi/9.2.1/../../../arm-none-eabi/lib/thumb/v7e-m+fp/hard/libc_nano.a(lib_a-memset.o)
                              /usr/lib/gcc/arm-none-eabi/9.2.1/../../../arm-none-eabi/lib/thumb/v7e-m+fp/hard/crt0.o (memset)
/usr/lib/gcc/arm-none-eabi/9.2.1/../../../arm-none-eabi/lib/thumb/v7e-m+fp/hard/libc_nano.a(lib_a-strcpy.o)
                              _build/nrf52840_xxaa/SEGGER_RTT.c.o (strcpy)
/usr/lib/gcc/arm-none-eabi/9.2.1/../../../arm-none-eabi/lib/thumb/v7e-m+fp/hard/libc_nano.a(lib_a-strlen.o)
                              _build/nrf52840_xxaa/nrf_log_frontend.c.o (strlen)
/usr/lib/gcc/arm-none-eabi/9.2.1/../../../arm-none-eabi/lib/thumb/v7e-m+fp/hard/libc_nano.a(lib_a-__atexit.o)
                              /usr/lib/gcc/arm-none-eabi/9.2.1/../../../arm-none-eabi/lib/thumb/v7e-m+fp/hard/libc_nano.a(lib_a-atexit.o) (__register_exitproc)
/usr/lib/gcc/arm-none-eabi/9.2.1/../../../arm-none-eabi/lib/thumb/v7e-m+fp/hard/libc_nano.a(lib_a-__call_atexit.o)
                              /usr/lib/gcc/arm-none-eabi/9.2.1/../../../arm-none-eabi/lib/thumb/v7e-m+fp/hard/libc_nano.a(lib_a-__atexit.o) (__call_exitprocs)
/usr/lib/gcc/arm-none-eabi/9.2.1/../../../arm-none-eabi/lib/thumb/v7e-m+fp/hard/libnosys.a(_exit.o)
                              /usr/lib/gcc/arm-none-eabi/9.2.1/../../../arm-none-eabi/lib/thumb/v7e-m+fp/hard/libc_nano.a(lib_a-exit.o) (_exit)

Allocating common symbols
Common symbol       size              file

nrf_nvic_state      0xc               _build/nrf52840_xxaa/app_util_platform.c.o
nrf_drv_uart_use_easy_dma
                    0x2               _build/nrf52840_xxaa/nrf_drv_uart.c.o
_SEGGER_RTT         0x78              _build/nrf52840_xxaa/SEGGER_RTT.c.o

Discarded input sections

 .text          0x0000000000000000        0x0 /usr/lib/gcc/arm-none-eabi/9.2.1/thumb/v7e-m+fp/hard/crti.o
 .data          0x0000000000000000        0x0 /usr/lib/gcc/arm-none-eabi/9.2.1/thumb/v7e-m+fp/hard/crti.o
 .bss           0x0000000000000000        0x0 /usr/lib/gcc/arm-none-eabi/9.2.1/thumb/v7e-m+fp/hard/crti.o
 .data          0x0000000000000000        0x4 /usr/lib/gcc/arm-none-eabi/9.2.1/thumb/v7e-m+fp/hard/crtbegin.o
 .data          0x0000000000000000        0x0 /usr/lib/gcc/arm-none-eabi/9.2.1/../../../arm-none-eabi/lib/thumb/v7e-m+fp/hard/crt0.o
 .bss           0x0000000000000000        0x0 /usr/lib/gcc/arm-none-eabi/9.2.1/../../../arm-none-eabi/lib/thumb/v7e-m+fp/hard/crt0.o
 .ARM.extab     0x0000000000000000        0x0 /usr/lib/gcc/arm-none-eabi/9.2.1/../../../arm-none-eabi/lib/thumb/v7e-m+fp/hard/crt0.o
 .data          0x0000000000000000        0x0 _build/nrf52840_xxaa/gcc_startup_nrf52840.S.o
 .bss           0x0000000000000000        0x0 _build/nrf52840_xxaa/gcc_startup_nrf52840.S.o
 .group         0x0000000000000000        0xc _build/nrf52840_xxaa/nrf_log_backend_rtt.c.o
 .group         0x0000000000000000        0xc _build/nrf52840_xxaa/nrf_log_backend_rtt.c.o
 .group         0x0000000000000000        0xc _build/nrf52840_xxaa/nrf_log_backend_rtt.c.o
 .group         0x0000000000000000        0xc _build/nrf52840_xxaa/nrf_log_backend_rtt.c.o
[...]
Memory Configuration

Name             Origin             Length             Attributes
FLASH            0x0000000000027000 0x00000000000d9000 xr
RAM              0x0000000020002300 0x000000000003dd00 xrw
*default*        0x0000000000000000 0xffffffffffffffff

Linker script and memory map


.text           0x0000000000027000     0x702c
 *(.isr_vector)
 .isr_vector    0x0000000000027000      0x200 _build/nrf52840_xxaa/gcc_startup_nrf52840.S.o
                0x0000000000027000                __isr_vector
 *(.text*)
 .text          0x0000000000027200       0x88 /usr/lib/gcc/arm-none-eabi/9.2.1/thumb/v7e-m+fp/hard/crtbegin.o
 .text          0x0000000000027288       0x70 /usr/lib/gcc/arm-none-eabi/9.2.1/../../../arm-none-eabi/lib/thumb/v7e-m+fp/hard/crt0.o
                0x0000000000027288                _stack_init
                0x0000000000027290                _mainCRTStartup
                0x0000000000027290                _start
 .text          0x00000000000272f8       0x3c _build/nrf52840_xxaa/gcc_startup_nrf52840.S.o
                0x00000000000272f8                Reset_Handler
                0x0000000000027320                NMI_Handler
                0x0000000000027322                HardFault_Handler
                0x0000000000027324                MemoryManagement_Handler
                0x0000000000027326                BusFault_Handler
                0x0000000000027328                UsageFault_Handler
                0x000000000002732a                SVC_Handler
                0x000000000002732c                DebugMon_Handler
                0x000000000002732e                PendSV_Handler
                0x0000000000027330                SysTick_Handler
                0x0000000000027332                TIMER2_IRQHandler
                0x0000000000027332                RTC0_IRQHandler
                0x0000000000027332                SWI0_EGU0_IRQHandler
                0x0000000000027332                PWM1_IRQHandler
                0x0000000000027332                RADIO_IRQHandler
                0x0000000000027332                PDM_IRQHandler
                0x0000000000027332                TEMP_IRQHandler
                0x0000000000027332                QDEC_IRQHandler
                0x0000000000027332                TIMER3_IRQHandler
                0x0000000000027332                PWM3_IRQHandler
                0x0000000000027332                FPU_IRQHandler
                0x0000000000027332                USBD_IRQHandler
                0x0000000000027332                SPIM0_SPIS0_TWIM0_TWIS0_SPI0_TWI0_IRQHandler
                0x0000000000027332                TIMER4_IRQHandler
                0x0000000000027332                CRYPTOCELL_IRQHandler
                0x0000000000027332                I2S_IRQHandler
                0x0000000000027332                SWI4_EGU4_IRQHandler
                0x0000000000027332                TIMER0_IRQHandler
                0x0000000000027332                UARTE1_IRQHandler
                0x0000000000027332                TIMER1_IRQHandler
                0x0000000000027332                SPIM3_IRQHandler
                0x0000000000027332                PWM2_IRQHandler
                0x0000000000027332                ECB_IRQHandler
                0x0000000000027332                SPIM1_SPIS1_TWIM1_TWIS1_SPI1_TWI1_IRQHandler
                0x0000000000027332                Default_Handler
                0x0000000000027332                SAADC_IRQHandler
                0x0000000000027332                CCM_AAR_IRQHandler
                0x0000000000027332                WDT_IRQHandler
                0x0000000000027332                SWI5_EGU5_IRQHandler
                0x0000000000027332                RNG_IRQHandler
                0x0000000000027332                RTC2_IRQHandler
                0x0000000000027332                PWM0_IRQHandler
                0x0000000000027332                SWI3_EGU3_IRQHandler
                0x0000000000027332                SWI1_EGU1_IRQHandler
                0x0000000000027332                SPIM2_SPIS2_SPI2_IRQHandler
                0x0000000000027332                NFCT_IRQHandler
                0x0000000000027332                MWU_IRQHandler
                0x0000000000027332                QSPI_IRQHandler
                0x0000000000027332                COMP_LPCOMP_IRQHandler
 .text.nrf_log_backend_serial_put
                0x0000000000027334       0xd8 _build/nrf52840_xxaa/nrf_log_backend_serial.c.o
                0x0000000000027334                nrf_log_backend_serial_put
 .text.uart_evt_handler
                0x000000000002740c        0xc _build/nrf52840_xxaa/nrf_log_backend_uart.c.o
 .text.nrf_log_backend_uart_flush
                0x0000000000027418        0x4 _build/nrf52840_xxaa/nrf_log_backend_uart.c.o
 .text.nrf_log_backend_uart_put
                0x000000000002741c       0x20 _build/nrf52840_xxaa/nrf_log_backend_uart.c.o
 .text.serial_tx
                0x000000000002743c       0x4c _build/nrf52840_xxaa/nrf_log_backend_uart.c.o
 .text.nrf_log_backend_uart_panic_set
                0x0000000000027488       0x7c _build/nrf52840_xxaa/nrf_log_backend_uart.c.o
 .text.nrf_log_backend_uart_init
                0x0000000000027504       0x68 _build/nrf52840_xxaa/nrf_log_backend_uart.c.o
                0x0000000000027504                nrf_log_backend_uart_init
 .text.nrf_log_default_backends_init
                0x000000000002756c       0x20 _build/nrf52840_xxaa/nrf_log_default_backends.c.o
                0x000000000002756c                nrf_log_default_backends_init
 .text.nrf_log_init
                0x000000000002758c       0x28 _build/nrf52840_xxaa/nrf_log_frontend.c.o
                0x000000000002758c                nrf_log_init
 .text.nrf_log_module_name_get
                0x00000000000275b4       0x48 _build/nrf52840_xxaa/nrf_log_frontend.c.o
                0x00000000000275b4                nrf_log_module_name_get
 .text.nrf_log_color_id_get
                0x00000000000275fc       0x2c _build/nrf52840_xxaa/nrf_log_frontend.c.o
                0x00000000000275fc                nrf_log_color_id_get
 .text.nrf_log_frontend_dequeue
                0x0000000000027628      0x250 _build/nrf52840_xxaa/nrf_log_frontend.c.o
                0x0000000000027628                nrf_log_frontend_dequeue
 .text.nrf_log_frontend_std_0
                0x0000000000027878      0x188 _build/nrf52840_xxaa/nrf_log_frontend.c.o
                0x0000000000027878                nrf_log_frontend_std_0
 .text.nrf_log_frontend_std_1
                0x0000000000027a00      0x19c _build/nrf52840_xxaa/nrf_log_frontend.c.o
                0x0000000000027a00                nrf_log_frontend_std_1
 .text.nrf_log_frontend_std_2
                0x0000000000027b9c      0x1b0 _build/nrf52840_xxaa/nrf_log_frontend.c.o
                0x0000000000027b9c                nrf_log_frontend_std_2
 .text.nrf_log_backend_add
                0x0000000000027d4c       0x5c _build/nrf52840_xxaa/nrf_log_frontend.c.o
                0x0000000000027d4c                nrf_log_backend_add
 .text.nrf_log_panic
                0x0000000000027da8       0x28 _build/nrf52840_xxaa/nrf_log_frontend.c.o
                0x0000000000027da8                nrf_log_panic
 .text.prefix_process
                0x0000000000027dd0       0x80 _build/nrf52840_xxaa/nrf_log_str_formatter.c.o
 .text.nrf_log_std_entry_process
                0x0000000000027e50       0xf0 _build/nrf52840_xxaa/nrf_log_str_formatter.c.o
                0x0000000000027e50                nrf_log_std_entry_process
 .text.nrf_log_hexdump_entry_process
                0x0000000000027f40       0xfc _build/nrf52840_xxaa/nrf_log_str_formatter.c.o
                0x0000000000027f40                nrf_log_hexdump_entry_process
 .text.gpiote_event_handler
                0x000000000002803c       0x74 _build/nrf52840_xxaa/app_button.c.o
 .text.detection_delay_timeout_handler
                0x00000000000280b0      0x264 _build/nrf52840_xxaa/app_button.c.o
 .text.app_button_init
                0x0000000000028314       0xc0 _build/nrf52840_xxaa/app_button.c.o
                0x0000000000028314                app_button_init
 .text.app_button_enable
                0x00000000000283d4       0x2c _build/nrf52840_xxaa/app_button.c.o
                0x00000000000283d4                app_button_enable
 .text.app_button_disable
                0x0000000000028400       0x5c _build/nrf52840_xxaa/app_button.c.o
                0x0000000000028400                app_button_disable
 .text.app_error_handler_bare
                0x000000000002845c       0x20 _build/nrf52840_xxaa/app_error.c.o
                0x000000000002845c                app_error_handler_bare
 .text.app_error_fault_handler
                0x000000000002847c       0x70 _build/nrf52840_xxaa/app_error_weak.c.o
                0x000000000002847c                app_error_fault_handler
 .text.compare_func
                0x00000000000284ec       0x18 _build/nrf52840_xxaa/app_timer2.c.o
 .text.rtc_irq  0x0000000000028504      0x318 _build/nrf52840_xxaa/app_timer2.c.o
 .text.app_timer_init
                0x000000000002881c       0x6c _build/nrf52840_xxaa/app_timer2.c.o
                0x000000000002881c                app_timer_init
 .text.app_timer_create
                0x0000000000028888       0x1c _build/nrf52840_xxaa/app_timer2.c.o
                0x0000000000028888                app_timer_create
 .text.app_timer_start
                0x00000000000288a4       0x8c _build/nrf52840_xxaa/app_timer2.c.o
                0x00000000000288a4                app_timer_start
 .text.app_timer_stop
                0x0000000000028930       0x44 _build/nrf52840_xxaa/app_timer2.c.o
                0x0000000000028930                app_timer_stop
 .text.app_util_critical_region_enter
                0x0000000000028974       0x4c _build/nrf52840_xxaa/app_util_platform.c.o
                0x0000000000028974                app_util_critical_region_enter
 .text.app_util_critical_region_exit
                0x00000000000289c0       0x30 _build/nrf52840_xxaa/app_util_platform.c.o
                0x00000000000289c0                app_util_critical_region_exit
 .text.drv_rtc_init
                0x00000000000289f0       0xc0 _build/nrf52840_xxaa/drv_rtc.c.o
                0x00000000000289f0                drv_rtc_init
 .text.drv_rtc_start
                0x0000000000028ab0        0x8 _build/nrf52840_xxaa/drv_rtc.c.o
                0x0000000000028ab0                drv_rtc_start
 .text.drv_rtc_stop
                0x0000000000028ab8        0x8 _build/nrf52840_xxaa/drv_rtc.c.o
                0x0000000000028ab8                drv_rtc_stop
 .text.drv_rtc_compare_set
                0x0000000000028ac0       0x4c _build/nrf52840_xxaa/drv_rtc.c.o
                0x0000000000028ac0                drv_rtc_compare_set
 .text.drv_rtc_windowed_compare_set
                0x0000000000028b0c       0xf8 _build/nrf52840_xxaa/drv_rtc.c.o
                0x0000000000028b0c                drv_rtc_windowed_compare_set
 .text.drv_rtc_overflow_enable
                0x0000000000028c04       0x14 _build/nrf52840_xxaa/drv_rtc.c.o
                0x0000000000028c04                drv_rtc_overflow_enable
 .text.drv_rtc_overflow_pending
                0x0000000000028c18       0x20 _build/nrf52840_xxaa/drv_rtc.c.o
                0x0000000000028c18                drv_rtc_overflow_pending
 .text.drv_rtc_compare_disable
                0x0000000000028c38       0x18 _build/nrf52840_xxaa/drv_rtc.c.o
                0x0000000000028c38                drv_rtc_compare_disable
 .text.drv_rtc_compare_pending
                0x0000000000028c50       0x20 _build/nrf52840_xxaa/drv_rtc.c.o
                0x0000000000028c50                drv_rtc_compare_pending
 .text.drv_rtc_counter_get
                0x0000000000028c70        0x8 _build/nrf52840_xxaa/drv_rtc.c.o
                0x0000000000028c70                drv_rtc_counter_get
 .text.drv_rtc_irq_trigger
                0x0000000000028c78       0x24 _build/nrf52840_xxaa/drv_rtc.c.o
                0x0000000000028c78                drv_rtc_irq_trigger
 .text.RTC1_IRQHandler
                0x0000000000028c9c       0x14 _build/nrf52840_xxaa/drv_rtc.c.o
                0x0000000000028c9c                RTC1_IRQHandler
 .text.nrf_atfifo_init
                0x0000000000028cb0       0x30 _build/nrf52840_xxaa/nrf_atfifo.c.o
                0x0000000000028cb0                nrf_atfifo_init
 .text.nrf_atfifo_item_alloc
                0x0000000000028ce0       0x5c _build/nrf52840_xxaa/nrf_atfifo.c.o
                0x0000000000028ce0                nrf_atfifo_item_alloc
 .text.nrf_atfifo_item_put
                0x0000000000028d3c       0x20 _build/nrf52840_xxaa/nrf_atfifo.c.o
                0x0000000000028d3c                nrf_atfifo_item_put
 .text.nrf_atfifo_item_get
                0x0000000000028d5c       0x60 _build/nrf52840_xxaa/nrf_atfifo.c.o
                0x0000000000028d5c                nrf_atfifo_item_get
 .text.nrf_atfifo_item_free
                0x0000000000028dbc       0x20 _build/nrf52840_xxaa/nrf_atfifo.c.o
                0x0000000000028dbc                nrf_atfifo_item_free
 .text.nrf_atflags_set
                0x0000000000028ddc       0x14 _build/nrf52840_xxaa/nrf_atflags.c.o
                0x0000000000028ddc                nrf_atflags_set
 .text.nrf_atflags_clear
                0x0000000000028df0       0x14 _build/nrf52840_xxaa/nrf_atflags.c.o
                0x0000000000028df0                nrf_atflags_clear
 .text.nrf_atflags_get
                0x0000000000028e04       0x14 _build/nrf52840_xxaa/nrf_atflags.c.o
                0x0000000000028e04                nrf_atflags_get
 .text.nrf_atomic_u32_fetch_store
                0x0000000000028e18       0x1c _build/nrf52840_xxaa/nrf_atomic.c.o
                0x0000000000028e18                nrf_atomic_u32_fetch_store
 .text.nrf_atomic_u32_or
                0x0000000000028e34       0x1c _build/nrf52840_xxaa/nrf_atomic.c.o
                0x0000000000028e34                nrf_atomic_u32_or
 .text.nrf_atomic_u32_and
                0x0000000000028e50       0x1c _build/nrf52840_xxaa/nrf_atomic.c.o
                0x0000000000028e50                nrf_atomic_u32_and
 .text.nrf_atomic_u32_add
                0x0000000000028e6c       0x1c _build/nrf52840_xxaa/nrf_atomic.c.o
                0x0000000000028e6c                nrf_atomic_u32_add
 .text.nrf_atomic_u32_sub
                0x0000000000028e88       0x1c _build/nrf52840_xxaa/nrf_atomic.c.o
                0x0000000000028e88                nrf_atomic_u32_sub
 .text.nrf_atomic_flag_set
                0x0000000000028ea4       0x20 _build/nrf52840_xxaa/nrf_atomic.c.o
                0x0000000000028ea4                nrf_atomic_flag_set
 .text.nrf_atomic_flag_clear_fetch
                0x0000000000028ec4       0x20 _build/nrf52840_xxaa/nrf_atomic.c.o
                0x0000000000028ec4                nrf_atomic_flag_clear_fetch
 .text.nrf_balloc_init
                0x0000000000028ee4       0x38 _build/nrf52840_xxaa/nrf_balloc.c.o
                0x0000000000028ee4                nrf_balloc_init
 .text.nrf_balloc_alloc
                0x0000000000028f1c       0x50 _build/nrf52840_xxaa/nrf_balloc.c.o
                0x0000000000028f1c                nrf_balloc_alloc
 .text.nrf_balloc_free
                0x0000000000028f6c       0x38 _build/nrf52840_xxaa/nrf_balloc.c.o
                0x0000000000028f6c                nrf_balloc_free
 .text.nrf_fprintf_buffer_flush
                0x0000000000028fa4       0x18 _build/nrf52840_xxaa/nrf_fprintf.c.o
                0x0000000000028fa4                nrf_fprintf_buffer_flush
 .text.nrf_fprintf
                0x0000000000028fbc       0x20 _build/nrf52840_xxaa/nrf_fprintf.c.o
                0x0000000000028fbc                nrf_fprintf
 .text.unsigned_print
                0x0000000000028fdc      0x14c _build/nrf52840_xxaa/nrf_fprintf_format.c.o
 .text.nrf_fprintf_fmt
                0x0000000000029128      0x5cc _build/nrf52840_xxaa/nrf_fprintf_format.c.o
                0x0000000000029128                nrf_fprintf_fmt
 .text.nrf_memobj_pool_init
                0x00000000000296f4        0x4 _build/nrf52840_xxaa/nrf_memobj.c.o
                0x00000000000296f4                nrf_memobj_pool_init
 .text.nrf_memobj_alloc
                0x00000000000296f8       0x94 _build/nrf52840_xxaa/nrf_memobj.c.o
                0x00000000000296f8                nrf_memobj_alloc
 .text.nrf_memobj_get
                0x000000000002978c        0x8 _build/nrf52840_xxaa/nrf_memobj.c.o
                0x000000000002978c                nrf_memobj_get
 .text.nrf_memobj_put
                0x0000000000029794       0x58 _build/nrf52840_xxaa/nrf_memobj.c.o
                0x0000000000029794                nrf_memobj_put
 .text.nrf_memobj_write
                0x00000000000297ec       0x68 _build/nrf52840_xxaa/nrf_memobj.c.o
                0x00000000000297ec                nrf_memobj_write
 .text.nrf_memobj_read
                0x0000000000029854       0x68 _build/nrf52840_xxaa/nrf_memobj.c.o
                0x0000000000029854                nrf_memobj_read
 .text.sd_app_evt_wait
                0x00000000000298bc        0x4 _build/nrf52840_xxaa/nrf_pwr_mgmt.c.o
 .text.nrf_pwr_mgmt_init
                0x00000000000298c0       0x2c _build/nrf52840_xxaa/nrf_pwr_mgmt.c.o
                0x00000000000298c0                nrf_pwr_mgmt_init
 .text.nrf_pwr_mgmt_run
                0x00000000000298ec       0x54 _build/nrf52840_xxaa/nrf_pwr_mgmt.c.o
                0x00000000000298ec                nrf_pwr_mgmt_run
 .text.nrf_ringbuf_init
                0x0000000000029940       0x1c _build/nrf52840_xxaa/nrf_ringbuf.c.o
                0x0000000000029940                nrf_ringbuf_init
 .text.nrf_section_iter_init
                0x000000000002995c       0x14 _build/nrf52840_xxaa/nrf_section_iter.c.o
                0x000000000002995c                nrf_section_iter_init
 .text.nrf_section_iter_next
                0x0000000000029970       0x18 _build/nrf52840_xxaa/nrf_section_iter.c.o
                0x0000000000029970                nrf_section_iter_next
 .text.nrf_sortlist_add
                0x0000000000029988       0x28 _build/nrf52840_xxaa/nrf_sortlist.c.o
                0x0000000000029988                nrf_sortlist_add
 .text.nrf_sortlist_pop
                0x00000000000299b0        0xc _build/nrf52840_xxaa/nrf_sortlist.c.o
                0x00000000000299b0                nrf_sortlist_pop
 .text.nrf_sortlist_peek
                0x00000000000299bc        0x8 _build/nrf52840_xxaa/nrf_sortlist.c.o
                0x00000000000299bc                nrf_sortlist_peek
 .text.nrf_sortlist_remove
                0x00000000000299c4       0x1c _build/nrf52840_xxaa/nrf_sortlist.c.o
                0x00000000000299c4                nrf_sortlist_remove
 .text.nrf_strerror_get
                0x00000000000299e0       0x50 _build/nrf52840_xxaa/nrf_strerror.c.o
                0x00000000000299e0                nrf_strerror_get
 .text.SystemInit
                0x0000000000029a30      0x220 _build/nrf52840_xxaa/system_nrf52840.c.o
                0x0000000000029a30                SystemInit
 .text.bsp_board_led_on
                0x0000000000029c50       0x24 _build/nrf52840_xxaa/boards.c.o
                0x0000000000029c50                bsp_board_led_on
 .text.bsp_board_led_off
                0x0000000000029c74       0x24 _build/nrf52840_xxaa/boards.c.o
                0x0000000000029c74                bsp_board_led_off
 .text.bsp_board_init
                0x0000000000029c98       0x5c _build/nrf52840_xxaa/boards.c.o
                0x0000000000029c98                bsp_board_init
 .text.clock_irq_handler
                0x0000000000029cf4       0x44 _build/nrf52840_xxaa/nrf_drv_clock.c.o
 .text.soc_evt_handler
                0x0000000000029d38       0x28 _build/nrf52840_xxaa/nrf_drv_clock.c.o
 .text.sd_state_evt_handler
                0x0000000000029d60       0xc8 _build/nrf52840_xxaa/nrf_drv_clock.c.o
 .text.uarte_evt_handler
                0x0000000000029e28       0x34 _build/nrf52840_xxaa/nrf_drv_uart.c.o
 .text.uart_evt_handler
                0x0000000000029e5c       0x34 _build/nrf52840_xxaa/nrf_drv_uart.c.o
 .text.nrf_drv_uart_init
                0x0000000000029e90       0x88 _build/nrf52840_xxaa/nrf_drv_uart.c.o
                0x0000000000029e90                nrf_drv_uart_init
 .text.nrfx_clock_init
                0x0000000000029f18       0x18 _build/nrf52840_xxaa/nrfx_clock.c.o
                0x0000000000029f18                nrfx_clock_init
 .text.nrfx_clock_enable
                0x0000000000029f30       0x24 _build/nrf52840_xxaa/nrfx_clock.c.o
                0x0000000000029f30                nrfx_clock_enable
 .text.nrfx_clock_lfclk_stop
                0x0000000000029f54       0x38 _build/nrf52840_xxaa/nrfx_clock.c.o
                0x0000000000029f54                nrfx_clock_lfclk_stop
 .text.POWER_CLOCK_IRQHandler
                0x0000000000029f8c       0x6c _build/nrf52840_xxaa/nrfx_clock.c.o
                0x0000000000029f8c                POWER_CLOCK_IRQHandler
 .text.nrfx_gpiote_init
                0x0000000000029ff8       0xb0 _build/nrf52840_xxaa/nrfx_gpiote.c.o
                0x0000000000029ff8                nrfx_gpiote_init
 .text.nrfx_gpiote_is_init
                0x000000000002a0a8       0x14 _build/nrf52840_xxaa/nrfx_gpiote.c.o
                0x000000000002a0a8                nrfx_gpiote_is_init
 .text.nrfx_gpiote_in_init
                0x000000000002a0bc      0x1e4 _build/nrf52840_xxaa/nrfx_gpiote.c.o
                0x000000000002a0bc                nrfx_gpiote_in_init
 .text.nrfx_gpiote_in_event_enable
                0x000000000002a2a0       0xd8 _build/nrf52840_xxaa/nrfx_gpiote.c.o
                0x000000000002a2a0                nrfx_gpiote_in_event_enable
 .text.nrfx_gpiote_in_event_disable
                0x000000000002a378       0x74 _build/nrf52840_xxaa/nrfx_gpiote.c.o
                0x000000000002a378                nrfx_gpiote_in_event_disable
 .text.nrfx_gpiote_in_is_set
                0x000000000002a3ec       0x20 _build/nrf52840_xxaa/nrfx_gpiote.c.o
                0x000000000002a3ec                nrfx_gpiote_in_is_set
 .text.GPIOTE_IRQHandler
                0x000000000002a40c      0x500 _build/nrf52840_xxaa/nrfx_gpiote.c.o
                0x000000000002a40c                GPIOTE_IRQHandler
 .text.UARTE0_UART0_IRQHandler
                0x000000000002a90c        0xc _build/nrf52840_xxaa/nrfx_prs.c.o
                0x000000000002a90c                UARTE0_UART0_IRQHandler
 .text.nrfx_prs_acquire
                0x000000000002a918       0x50 _build/nrf52840_xxaa/nrfx_prs.c.o
                0x000000000002a918                nrfx_prs_acquire
 .text.nrfx_prs_release
                0x000000000002a968       0x18 _build/nrf52840_xxaa/nrfx_prs.c.o
                0x000000000002a968                nrfx_prs_release
 .text.nrfx_uart_0_irq_handler
                0x000000000002a980      0x1c4 _build/nrf52840_xxaa/nrfx_uart.c.o
                0x000000000002a980                nrfx_uart_0_irq_handler
 .text.nrfx_uart_init
                0x000000000002ab44      0x1f0 _build/nrf52840_xxaa/nrfx_uart.c.o
                0x000000000002ab44                nrfx_uart_init
 .text.nrfx_uart_uninit
                0x000000000002ad34      0x10c _build/nrf52840_xxaa/nrfx_uart.c.o
                0x000000000002ad34                nrfx_uart_uninit
 .text.nrfx_uart_tx
                0x000000000002ae40       0xd0 _build/nrf52840_xxaa/nrfx_uart.c.o
                0x000000000002ae40                nrfx_uart_tx
 .text.nrfx_uarte_0_irq_handler
                0x000000000002af10      0x168 _build/nrf52840_xxaa/nrfx_uarte.c.o
                0x000000000002af10                nrfx_uarte_0_irq_handler
 .text.nrfx_uarte_init
                0x000000000002b078      0x228 _build/nrf52840_xxaa/nrfx_uarte.c.o
                0x000000000002b078                nrfx_uarte_init
 .text.nrfx_uarte_uninit
                0x000000000002b2a0      0x170 _build/nrf52840_xxaa/nrfx_uarte.c.o
                0x000000000002b2a0                nrfx_uarte_uninit
 .text.nrfx_uarte_tx
                0x000000000002b410       0xb4 _build/nrf52840_xxaa/nrfx_uarte.c.o
                0x000000000002b410                nrfx_uarte_tx
 .text.sd_ble_gap_adv_set_configure
                0x000000000002b4c4        0x4 _build/nrf52840_xxaa/main.c.o
 .text.sd_ble_gap_adv_start
                0x000000000002b4c8        0x4 _build/nrf52840_xxaa/main.c.o
 .text.sd_ble_gap_disconnect
                0x000000000002b4cc        0x4 _build/nrf52840_xxaa/main.c.o
 .text.sd_ble_gap_ppcp_set
                0x000000000002b4d0        0x4 _build/nrf52840_xxaa/main.c.o
 .text.sd_ble_gap_device_name_set
                0x000000000002b4d4        0x4 _build/nrf52840_xxaa/main.c.o
 .text.sd_ble_gap_sec_params_reply
                0x000000000002b4d8        0x4 _build/nrf52840_xxaa/main.c.o
 .text.sd_ble_gap_phy_update
                0x000000000002b4dc        0x4 _build/nrf52840_xxaa/main.c.o
 .text.sd_ble_gatts_sys_attr_set
                0x000000000002b4e0        0x4 _build/nrf52840_xxaa/main.c.o
 .text.nrf_qwr_error_handler
                0x000000000002b4e4        0x4 _build/nrf52840_xxaa/main.c.o
 .text.on_conn_params_evt
                0x000000000002b4e8       0x24 _build/nrf52840_xxaa/main.c.o
 .text.button_event_handler
                0x000000000002b50c       0x60 _build/nrf52840_xxaa/main.c.o
 .text.led_write_handler
                0x000000000002b56c       0x40 _build/nrf52840_xxaa/main.c.o
 .text.conn_params_error_handler
                0x000000000002b5ac        0x4 _build/nrf52840_xxaa/main.c.o
 .text.ble_evt_handler
                0x000000000002b5b0      0x134 _build/nrf52840_xxaa/main.c.o
 .text.startup.main
                0x000000000002b6e4      0x280 _build/nrf52840_xxaa/main.c.o
                0x000000000002b6e4                main
 .text.sd_ble_gap_addr_get
                0x000000000002b964        0x4 _build/nrf52840_xxaa/ble_advdata.c.o
 .text.sd_ble_gap_appearance_get
                0x000000000002b968        0x4 _build/nrf52840_xxaa/ble_advdata.c.o
 .text.sd_ble_gap_device_name_get
                0x000000000002b96c        0x4 _build/nrf52840_xxaa/ble_advdata.c.o
 .text.sd_ble_uuid_encode
                0x000000000002b970        0x4 _build/nrf52840_xxaa/ble_advdata.c.o
 .text.uuid_list_sized_encode.isra.0
                0x000000000002b974       0xf0 _build/nrf52840_xxaa/ble_advdata.c.o
 .text.ble_advdata_encode
                0x000000000002ba64      0x40c _build/nrf52840_xxaa/ble_advdata.c.o
                0x000000000002ba64                ble_advdata_encode
 .text.sd_ble_gap_conn_param_update
                0x000000000002be70        0x4 _build/nrf52840_xxaa/ble_conn_params.c.o
 .text.sd_ble_gap_disconnect
                0x000000000002be74        0x4 _build/nrf52840_xxaa/ble_conn_params.c.o
 .text.sd_ble_gap_ppcp_set
                0x000000000002be78        0x4 _build/nrf52840_xxaa/ble_conn_params.c.o
 .text.sd_ble_gap_ppcp_get
                0x000000000002be7c        0x4 _build/nrf52840_xxaa/ble_conn_params.c.o
 .text.update_timeout_handler
                0x000000000002be80       0x78 _build/nrf52840_xxaa/ble_conn_params.c.o
 .text.ble_evt_handler
                0x000000000002bef8      0x1d4 _build/nrf52840_xxaa/ble_conn_params.c.o
 .text.ble_conn_params_init
                0x000000000002c0cc       0x78 _build/nrf52840_xxaa/ble_conn_params.c.o
                0x000000000002c0cc                ble_conn_params_init
 .text.ble_evt_handler
                0x000000000002c144      0x160 _build/nrf52840_xxaa/ble_conn_state.c.o
 .text.sd_ble_gatts_characteristic_add
                0x000000000002c2a4        0x4 _build/nrf52840_xxaa/ble_srv_common.c.o
 .text.ble_srv_is_notification_enabled
                0x000000000002c2a8        0x8 _build/nrf52840_xxaa/ble_srv_common.c.o
                0x000000000002c2a8                ble_srv_is_notification_enabled
 .text.characteristic_add
                0x000000000002c2b0      0x278 _build/nrf52840_xxaa/ble_srv_common.c.o
                0x000000000002c2b0                characteristic_add
 .text.sd_ble_gap_data_length_update
                0x000000000002c528        0x4 _build/nrf52840_xxaa/nrf_ble_gatt.c.o
 .text.sd_ble_gattc_exchange_mtu_request
                0x000000000002c52c        0x4 _build/nrf52840_xxaa/nrf_ble_gatt.c.o
 .text.sd_ble_gatts_exchange_mtu_reply
                0x000000000002c530        0x4 _build/nrf52840_xxaa/nrf_ble_gatt.c.o
 .text.data_length_update.constprop.0
                0x000000000002c534       0x8c _build/nrf52840_xxaa/nrf_ble_gatt.c.o
 .text.nrf_ble_gatt_init
                0x000000000002c5c0       0x28 _build/nrf52840_xxaa/nrf_ble_gatt.c.o
                0x000000000002c5c0                nrf_ble_gatt_init
 .text.nrf_ble_gatt_on_ble_evt
                0x000000000002c5e8      0x1c8 _build/nrf52840_xxaa/nrf_ble_gatt.c.o
                0x000000000002c5e8                nrf_ble_gatt_on_ble_evt
 .text.sd_ble_gatts_rw_authorize_reply
                0x000000000002c7b0        0x4 _build/nrf52840_xxaa/nrf_ble_qwr.c.o
 .text.sd_ble_user_mem_reply
                0x000000000002c7b4        0x4 _build/nrf52840_xxaa/nrf_ble_qwr.c.o
 .text.nrf_ble_qwr_init
                0x000000000002c7b8       0x24 _build/nrf52840_xxaa/nrf_ble_qwr.c.o
                0x000000000002c7b8                nrf_ble_qwr_init
 .text.nrf_ble_qwr_conn_handle_assign
                0x000000000002c7dc       0x18 _build/nrf52840_xxaa/nrf_ble_qwr.c.o
                0x000000000002c7dc                nrf_ble_qwr_conn_handle_assign
 .text.nrf_ble_qwr_on_ble_evt
                0x000000000002c7f4       0xf4 _build/nrf52840_xxaa/nrf_ble_qwr.c.o
                0x000000000002c7f4                nrf_ble_qwr_on_ble_evt
 .text.sd_ble_gatts_service_add
                0x000000000002c8e8        0x4 _build/nrf52840_xxaa/ble_lbs.c.o
 .text.sd_ble_gatts_hvx
                0x000000000002c8ec        0x4 _build/nrf52840_xxaa/ble_lbs.c.o
 .text.sd_ble_uuid_vs_add
                0x000000000002c8f0        0x4 _build/nrf52840_xxaa/ble_lbs.c.o
 .text.ble_lbs_on_ble_evt
                0x000000000002c8f4       0x30 _build/nrf52840_xxaa/ble_lbs.c.o
                0x000000000002c8f4                ble_lbs_on_ble_evt
 .text.ble_lbs_init
                0x000000000002c924       0xd0 _build/nrf52840_xxaa/ble_lbs.c.o
                0x000000000002c924                ble_lbs_init
 .text.ble_lbs_on_button_change
                0x000000000002c9f4       0x40 _build/nrf52840_xxaa/ble_lbs.c.o
                0x000000000002c9f4                ble_lbs_on_button_change
 .text.sd_softdevice_enable
                0x000000000002ca34        0x4 _build/nrf52840_xxaa/nrf_sdh.c.o
 .text.nrf_sdh_enable_request
                0x000000000002ca38      0x118 _build/nrf52840_xxaa/nrf_sdh.c.o
                0x000000000002ca38                nrf_sdh_enable_request
 .text.nrf_sdh_is_enabled
                0x000000000002cb50        0xc _build/nrf52840_xxaa/nrf_sdh.c.o
                0x000000000002cb50                nrf_sdh_is_enabled
 .text.SWI2_EGU2_IRQHandler
                0x000000000002cb5c       0x2c _build/nrf52840_xxaa/nrf_sdh.c.o
                0x000000000002cb5c                SWI2_EGU2_IRQHandler
 .text.sd_ble_enable
                0x000000000002cb88        0x4 _build/nrf52840_xxaa/nrf_sdh_ble.c.o
 .text.sd_ble_cfg_set
                0x000000000002cb8c        0x4 _build/nrf52840_xxaa/nrf_sdh_ble.c.o
 .text.sd_ble_evt_get
                0x000000000002cb90        0x4 _build/nrf52840_xxaa/nrf_sdh_ble.c.o
 .text.nrf_sdh_ble_evts_poll
                0x000000000002cb94       0x5c _build/nrf52840_xxaa/nrf_sdh_ble.c.o
 .text.nrf_sdh_ble_default_cfg_set
                0x000000000002cbf0      0x17c _build/nrf52840_xxaa/nrf_sdh_ble.c.o
                0x000000000002cbf0                nrf_sdh_ble_default_cfg_set
 .text.nrf_sdh_ble_enable
                0x000000000002cd6c       0xa0 _build/nrf52840_xxaa/nrf_sdh_ble.c.o
                0x000000000002cd6c                nrf_sdh_ble_enable
 .text.sd_evt_get
                0x000000000002ce0c        0x4 _build/nrf52840_xxaa/nrf_sdh_soc.c.o
 .text.nrf_sdh_soc_evts_poll
                0x000000000002ce10       0x4c _build/nrf52840_xxaa/nrf_sdh_soc.c.o
 .text          0x000000000002ce5c        0xc /usr/lib/gcc/arm-none-eabi/9.2.1/../../../arm-none-eabi/lib/thumb/v7e-m+fp/hard/libc_nano.a(lib_a-atexit.o)
                0x000000000002ce5c                atexit
 .text          0x000000000002ce68       0x28 /usr/lib/gcc/arm-none-eabi/9.2.1/../../../arm-none-eabi/lib/thumb/v7e-m+fp/hard/libc_nano.a(lib_a-exit.o)
                0x000000000002ce68                exit
 .text          0x000000000002ce90       0x34 /usr/lib/gcc/arm-none-eabi/9.2.1/../../../arm-none-eabi/lib/thumb/v7e-m+fp/hard/libc_nano.a(lib_a-fini.o)
                0x000000000002ce90                __libc_fini_array
 .text          0x000000000002cec4       0x48 /usr/lib/gcc/arm-none-eabi/9.2.1/../../../arm-none-eabi/lib/thumb/v7e-m+fp/hard/libc_nano.a(lib_a-init.o)
                0x000000000002cec4                __libc_init_array
 .text          0x000000000002cf0c      0x134 /usr/lib/gcc/arm-none-eabi/9.2.1/../../../arm-none-eabi/lib/thumb/v7e-m+fp/hard/libc_nano.a(lib_a-memcpy.o)
                0x000000000002cf0c                memcpy
 .text          0x000000000002d040       0xa0 /usr/lib/gcc/arm-none-eabi/9.2.1/../../../arm-none-eabi/lib/thumb/v7e-m+fp/hard/libc_nano.a(lib_a-memset.o)
                0x000000000002d040                memset
 *fill*         0x000000000002d0e0       0x20 
 .text          0x000000000002d100       0xdc /usr/lib/gcc/arm-none-eabi/9.2.1/../../../arm-none-eabi/lib/thumb/v7e-m+fp/hard/libc_nano.a(lib_a-strlen.o)
                0x000000000002d100                strlen
 .text          0x000000000002d1dc       0xa0 /usr/lib/gcc/arm-none-eabi/9.2.1/../../../arm-none-eabi/lib/thumb/v7e-m+fp/hard/libc_nano.a(lib_a-__atexit.o)
                0x000000000002d1dc                __register_exitproc
 .text          0x000000000002d27c       0x9c /usr/lib/gcc/arm-none-eabi/9.2.1/../../../arm-none-eabi/lib/thumb/v7e-m+fp/hard/libc_nano.a(lib_a-__call_atexit.o)
                0x000000000002d27c                __call_exitprocs
 .text          0x000000000002d318        0x4 /usr/lib/gcc/arm-none-eabi/9.2.1/../../../arm-none-eabi/lib/thumb/v7e-m+fp/hard/libnosys.a(_exit.o)
                0x000000000002d318                _exit
 *(.init)
 .init          0x000000000002d31c        0x4 /usr/lib/gcc/arm-none-eabi/9.2.1/thumb/v7e-m+fp/hard/crti.o
                0x000000000002d31c                _init
 .init          0x000000000002d320        0x8 /usr/lib/gcc/arm-none-eabi/9.2.1/thumb/v7e-m+fp/hard/crtn.o
 *(.fini)
 .fini          0x000000000002d328        0x4 /usr/lib/gcc/arm-none-eabi/9.2.1/thumb/v7e-m+fp/hard/crti.o
                0x000000000002d328                _fini
 .fini          0x000000000002d32c        0x8 /usr/lib/gcc/arm-none-eabi/9.2.1/thumb/v7e-m+fp/hard/crtn.o
 *crtbegin.o(.ctors)
 *crtbegin?.o(.ctors)
 *(EXCLUDE_FILE(*crtend.o *crtend?.o) .ctors)
 *(SORT_BY_NAME(.ctors.*))
 *(.ctors)
 *crtbegin.o(.dtors)
 *crtbegin?.o(.dtors)
 *(EXCLUDE_FILE(*crtend.o *crtend?.o) .dtors)
 *(SORT_BY_NAME(.dtors.*))
 *(.dtors)
 *(.rodata*)
 .rodata        0x000000000002d334       0x20 _build/nrf52840_xxaa/nrf_log_backend_uart.c.o
 .rodata.nrf_log_backend_uart_api
                0x000000000002d354        0xc _build/nrf52840_xxaa/nrf_log_backend_uart.c.o
                0x000000000002d354                nrf_log_backend_uart_api
 .rodata.str1.4
                0x000000000002d360       0x11 _build/nrf52840_xxaa/nrf_log_default_backends.c.o
 *fill*         0x000000000002d371        0x3 
 .rodata.nrf_log_frontend_dequeue.str1.4
                0x000000000002d374       0x11 _build/nrf52840_xxaa/nrf_log_frontend.c.o
 *fill*         0x000000000002d385        0x3 
 .rodata.str1.4
                0x000000000002d388        0x4 _build/nrf52840_xxaa/nrf_log_frontend.c.o
 .rodata.m_log_push_ringbuf
                0x000000000002d38c        0xc _build/nrf52840_xxaa/nrf_log_frontend.c.o
 .rodata.prefix_process.str1.4
                0x000000000002d398       0x36 _build/nrf52840_xxaa/nrf_log_str_formatter.c.o
 *fill*         0x000000000002d3ce        0x2 
 .rodata.nrf_log_std_entry_process.str1.4
                0x000000000002d3d0        0x3 _build/nrf52840_xxaa/nrf_log_str_formatter.c.o
 *fill*         0x000000000002d3d3        0x1 
 .rodata.nrf_log_hexdump_entry_process.str1.4
                0x000000000002d3d4       0x13 _build/nrf52840_xxaa/nrf_log_str_formatter.c.o
                                         0x16 (size before relaxing)
 *fill*         0x000000000002d3e7        0x1 
 .rodata.str1.4
                0x000000000002d3e8       0x56 _build/nrf52840_xxaa/nrf_log_str_formatter.c.o
 *fill*         0x000000000002d43e        0x2 
 .rodata.m_colors
                0x000000000002d440       0x24 _build/nrf52840_xxaa/nrf_log_str_formatter.c.o
 .rodata.severity_names
                0x000000000002d464       0x14 _build/nrf52840_xxaa/nrf_log_str_formatter.c.o
 .rodata.str1.4
                0x000000000002d478        0xb _build/nrf52840_xxaa/app_button.c.o
 *fill*         0x000000000002d483        0x1 
 .rodata.m_detection_delay_timer_id
                0x000000000002d484        0x4 _build/nrf52840_xxaa/app_button.c.o
 .rodata.app_error_fault_handler.str1.4
                0x000000000002d488       0x19 _build/nrf52840_xxaa/app_error_weak.c.o
 *fill*         0x000000000002d4a1        0x3 
 .rodata.str1.4
                0x000000000002d4a4        0xa _build/nrf52840_xxaa/app_timer2.c.o
 *fill*         0x000000000002d4ae        0x2 
 .rodata        0x000000000002d4b0        0x4 _build/nrf52840_xxaa/app_timer2.c.o
 .rodata.m_app_timer_sortlist
                0x000000000002d4b4        0xc _build/nrf52840_xxaa/app_timer2.c.o
 .rodata.drv_rtc_init.str1.4
                0x000000000002d4c0       0x36 _build/nrf52840_xxaa/drv_rtc.c.o
 *fill*         0x000000000002d4f6        0xa 
 .rodata.delay_machine_code.8833
                0x000000000002d500        0x6 _build/nrf52840_xxaa/drv_rtc.c.o
 *fill*         0x000000000002d506        0x2 
 .rodata._aV2C.7881
                0x000000000002d508       0x10 _build/nrf52840_xxaa/nrf_fprintf_format.c.o
 .rodata.str1.4
                0x000000000002d518        0x9 _build/nrf52840_xxaa/nrf_pwr_mgmt.c.o
 *fill*         0x000000000002d521        0x3 
 .rodata.pwr_mgmt_data
                0x000000000002d524        0xc _build/nrf52840_xxaa/nrf_pwr_mgmt.c.o
 .rodata.str1.4
                0x000000000002d530        0x9 _build/nrf52840_xxaa/nrf_sortlist.c.o
 *fill*         0x000000000002d539        0x3 
 .rodata.str1.4
                0x000000000002d53c      0x3e9 _build/nrf52840_xxaa/nrf_strerror.c.o
 *fill*         0x000000000002d925        0x3 
 .rodata.m_unknown_str
                0x000000000002d928       0x13 _build/nrf52840_xxaa/nrf_strerror.c.o
 *fill*         0x000000000002d93b        0x1 
 .rodata.nrf_strerror_array
                0x000000000002d93c      0x128 _build/nrf52840_xxaa/nrf_strerror.c.o
 .rodata.CSWTCH.6
                0x000000000002da64        0x4 _build/nrf52840_xxaa/system_nrf52840.c.o
 .rodata.m_board_led_list
                0x000000000002da68        0x4 _build/nrf52840_xxaa/boards.c.o
 .rodata.str1.4
                0x000000000002da6c        0x6 _build/nrf52840_xxaa/nrf_drv_clock.c.o
 *fill*         0x000000000002da72        0x2 
 .rodata.str1.4
                0x000000000002da74        0x6 _build/nrf52840_xxaa/nrfx_clock.c.o
 *fill*         0x000000000002da7a        0x2 
 .rodata.str1.4
                0x000000000002da7c        0x7 _build/nrf52840_xxaa/nrfx_gpiote.c.o
 *fill*         0x000000000002da83        0x1 
 .rodata.str1.4
                0x000000000002da84        0x4 _build/nrf52840_xxaa/nrfx_prs.c.o
 .rodata.str1.4
                0x000000000002da88        0x5 _build/nrf52840_xxaa/nrfx_uart.c.o
 *fill*         0x000000000002da8d        0x3 
 .rodata.str1.4
                0x000000000002da90        0x6 _build/nrf52840_xxaa/nrfx_uarte.c.o
 *fill*         0x000000000002da96        0x2 
 .rodata.button_event_handler.str1.4
                0x000000000002da98       0x1a _build/nrf52840_xxaa/main.c.o
 *fill*         0x000000000002dab2        0x2 
 .rodata.led_write_handler.str1.4
                0x000000000002dab4       0x26 _build/nrf52840_xxaa/main.c.o
 *fill*         0x000000000002dada        0x2 
 .rodata.ble_evt_handler.str1.4
                0x000000000002dadc       0x19 _build/nrf52840_xxaa/main.c.o
 *fill*         0x000000000002daf5        0x3 
 .rodata.main.str1.4
                0x000000000002daf8       0x28 _build/nrf52840_xxaa/main.c.o
 .rodata.data_length_update.constprop.0.str1.4
                0x000000000002db20       0xe2 _build/nrf52840_xxaa/nrf_ble_gatt.c.o
 *fill*         0x000000000002dc02        0x2 
 .rodata.nrf_ble_gatt_on_ble_evt.str1.4
                0x000000000002dc04       0x63 _build/nrf52840_xxaa/nrf_ble_gatt.c.o
 *fill*         0x000000000002dc67        0x1 
 .rodata.str1.4
                0x000000000002dc68        0xd _build/nrf52840_xxaa/nrf_ble_gatt.c.o
 *fill*         0x000000000002dc75        0x3 
 .rodata        0x000000000002dc78       0x10 _build/nrf52840_xxaa/ble_lbs.c.o
 .rodata.str1.4
                0x000000000002dc88        0x8 _build/nrf52840_xxaa/nrf_sdh.c.o
 .rodata        0x000000000002dc90        0x4 _build/nrf52840_xxaa/nrf_sdh.c.o
 .rodata.sdh_req_observers
                0x000000000002dc94        0xc _build/nrf52840_xxaa/nrf_sdh.c.o
 .rodata.sdh_stack_observers
                0x000000000002dca0        0xc _build/nrf52840_xxaa/nrf_sdh.c.o
 .rodata.sdh_state_observers
                0x000000000002dcac        0xc _build/nrf52840_xxaa/nrf_sdh.c.o
 .rodata.nrf_sdh_ble_default_cfg_set.str1.4
                0x000000000002dcb8      0x187 _build/nrf52840_xxaa/nrf_sdh_ble.c.o
 *fill*         0x000000000002de3f        0x1 
 .rodata.nrf_sdh_ble_enable.str1.4
                0x000000000002de40       0xad _build/nrf52840_xxaa/nrf_sdh_ble.c.o
 *fill*         0x000000000002deed        0x3 
 .rodata.str1.4
                0x000000000002def0        0xc _build/nrf52840_xxaa/nrf_sdh_ble.c.o
 .rodata.sdh_ble_observers
                0x000000000002defc        0xc _build/nrf52840_xxaa/nrf_sdh_ble.c.o
 .rodata.str1.4
                0x000000000002df08        0xc _build/nrf52840_xxaa/nrf_sdh_soc.c.o
 .rodata.sdh_soc_observers
                0x000000000002df14        0xc _build/nrf52840_xxaa/nrf_sdh_soc.c.o
 .rodata        0x000000000002df20      0x101 /usr/lib/gcc/arm-none-eabi/9.2.1/../../../arm-none-eabi/lib/thumb/v7e-m+fp/hard/libc_nano.a(lib_a-ctype_.o)
                0x000000000002df20                _ctype_
 *fill*         0x000000000002e021        0x3 
 .rodata        0x000000000002e024        0x4 /usr/lib/gcc/arm-none-eabi/9.2.1/../../../arm-none-eabi/lib/thumb/v7e-m+fp/hard/libc_nano.a(lib_a-impure.o)
                0x000000000002e024                _global_impure_ptr
 *(.eh_frame*)
 .eh_frame      0x000000000002e028        0x0 /usr/lib/gcc/arm-none-eabi/9.2.1/thumb/v7e-m+fp/hard/crtbegin.o
 .eh_frame      0x000000000002e028        0x4 /usr/lib/gcc/arm-none-eabi/9.2.1/thumb/v7e-m+fp/hard/crtend.o

.glue_7         0x000000000002e02c        0x0
 .glue_7        0x000000000002e02c        0x0 linker stubs

.glue_7t        0x000000000002e02c        0x0
 .glue_7t       0x000000000002e02c        0x0 linker stubs

.vfp11_veneer   0x000000000002e02c        0x0
 .vfp11_veneer  0x000000000002e02c        0x0 linker stubs

.v4_bx          0x000000000002e02c        0x0
 .v4_bx         0x000000000002e02c        0x0 linker stubs

.iplt           0x000000000002e02c        0x0
 .iplt          0x000000000002e02c        0x0 /usr/lib/gcc/arm-none-eabi/9.2.1/thumb/v7e-m+fp/hard/crtbegin.o

.mem_section_dummy_rom

.sdh_soc_observers
                0x000000000002e02c        0x8
                0x000000000002e02c                PROVIDE (__start_sdh_soc_observers = .)
 *(SORT_BY_NAME(.sdh_soc_observers*))
 .sdh_soc_observers0
                0x000000000002e02c        0x8 _build/nrf52840_xxaa/nrf_drv_clock.c.o
                0x000000000002e034                PROVIDE (__stop_sdh_soc_observers = .)

.pwr_mgmt_data  0x000000000002e034        0x0
                0x000000000002e034                PROVIDE (__start_pwr_mgmt_data = .)
 *(SORT_BY_NAME(.pwr_mgmt_data*))
                0x000000000002e034                PROVIDE (__stop_pwr_mgmt_data = .)

.sdh_ble_observers
                0x000000000002e034       0x30
                0x000000000002e034                PROVIDE (__start_sdh_ble_observers = .)
 *(SORT_BY_NAME(.sdh_ble_observers*))
 .sdh_ble_observers0
                0x000000000002e034        0x8 _build/nrf52840_xxaa/ble_conn_state.c.o
 .sdh_ble_observers1
                0x000000000002e03c        0x8 _build/nrf52840_xxaa/main.c.o
 .sdh_ble_observers1
                0x000000000002e044        0x8 _build/nrf52840_xxaa/ble_conn_params.c.o
 .sdh_ble_observers2
                0x000000000002e04c       0x10 _build/nrf52840_xxaa/main.c.o
 .sdh_ble_observers3
                0x000000000002e05c        0x8 _build/nrf52840_xxaa/main.c.o
                0x000000000002e064                PROVIDE (__stop_sdh_ble_observers = .)

.sdh_req_observers
                0x000000000002e064        0x0
                0x000000000002e064                PROVIDE (__start_sdh_req_observers = .)
 *(SORT_BY_NAME(.sdh_req_observers*))
                0x000000000002e064                PROVIDE (__stop_sdh_req_observers = .)

.sdh_state_observers
                0x000000000002e064        0x8
                0x000000000002e064                PROVIDE (__start_sdh_state_observers = .)
 *(SORT_BY_NAME(.sdh_state_observers*))
 .sdh_state_observers0
                0x000000000002e064        0x8 _build/nrf52840_xxaa/nrf_drv_clock.c.o
                0x000000000002e06c                PROVIDE (__stop_sdh_state_observers = .)

.sdh_stack_observers
                0x000000000002e06c       0x10
                0x000000000002e06c                PROVIDE (__start_sdh_stack_observers = .)
 *(SORT_BY_NAME(.sdh_stack_observers*))
 .sdh_stack_observers0
                0x000000000002e06c        0x8 _build/nrf52840_xxaa/nrf_sdh_ble.c.o
 .sdh_stack_observers0
                0x000000000002e074        0x8 _build/nrf52840_xxaa/nrf_sdh_soc.c.o
                0x000000000002e07c                PROVIDE (__stop_sdh_stack_observers = .)

.nrf_queue      0x000000000002e07c        0x0
                [!provide]                        PROVIDE (__start_nrf_queue = .)
 *(.nrf_queue)
                [!provide]                        PROVIDE (__stop_nrf_queue = .)

.nrf_balloc     0x000000000002e07c       0x14
                [!provide]                        PROVIDE (__start_nrf_balloc = .)
 *(.nrf_balloc)
 .nrf_balloc    0x000000000002e07c       0x14 _build/nrf52840_xxaa/nrf_log_frontend.c.o
                0x000000000002e07c                log_mempool
                [!provide]                        PROVIDE (__stop_nrf_balloc = .)

.cli_command    0x000000000002e090        0x0
                [!provide]                        PROVIDE (__start_cli_command = .)
 *(.cli_command)
                [!provide]                        PROVIDE (__stop_cli_command = .)

.crypto_data    0x000000000002e090        0x0
                [!provide]                        PROVIDE (__start_crypto_data = .)
 *(SORT_BY_NAME(.crypto_data*))
                [!provide]                        PROVIDE (__stop_crypto_data = .)

.log_const_data
                0x000000000002e090       0x78
                0x000000000002e090                PROVIDE (__start_log_const_data = .)
 *(SORT_BY_NAME(.log_const_data*))
 .log_const_data_CLOCK
                0x000000000002e090        0x8 _build/nrf52840_xxaa/nrfx_clock.c.o
                0x000000000002e090                m_nrf_log_CLOCK_logs_data_const
 .log_const_data_GPIOTE
                0x000000000002e098        0x8 _build/nrf52840_xxaa/nrfx_gpiote.c.o
                0x000000000002e098                m_nrf_log_GPIOTE_logs_data_const
 .log_const_data_PRS
                0x000000000002e0a0        0x8 _build/nrf52840_xxaa/nrfx_prs.c.o
                0x000000000002e0a0                m_nrf_log_PRS_logs_data_const
 .log_const_data_UART
                0x000000000002e0a8        0x8 _build/nrf52840_xxaa/nrfx_uart.c.o
                0x000000000002e0a8                m_nrf_log_UART_logs_data_const
 .log_const_data_UARTE
                0x000000000002e0b0        0x8 _build/nrf52840_xxaa/nrfx_uarte.c.o
                0x000000000002e0b0                m_nrf_log_UARTE_logs_data_const
 .log_const_data_app
                0x000000000002e0b8        0x8 _build/nrf52840_xxaa/nrf_log_frontend.c.o
                0x000000000002e0b8                m_nrf_log_app_logs_data_const
 .log_const_data_app_button
                0x000000000002e0c0        0x8 _build/nrf52840_xxaa/app_button.c.o
                0x000000000002e0c0                m_nrf_log_app_button_logs_data_const
 .log_const_data_app_timer
                0x000000000002e0c8        0x8 _build/nrf52840_xxaa/app_timer2.c.o
                0x000000000002e0c8                m_nrf_log_app_timer_logs_data_const
 .log_const_data_clock
                0x000000000002e0d0        0x8 _build/nrf52840_xxaa/nrf_drv_clock.c.o
                0x000000000002e0d0                m_nrf_log_clock_logs_data_const
 .log_const_data_nrf_ble_gatt
                0x000000000002e0d8        0x8 _build/nrf52840_xxaa/nrf_ble_gatt.c.o
                0x000000000002e0d8                m_nrf_log_nrf_ble_gatt_logs_data_const
 .log_const_data_nrf_sdh
                0x000000000002e0e0        0x8 _build/nrf52840_xxaa/nrf_sdh.c.o
                0x000000000002e0e0                m_nrf_log_nrf_sdh_logs_data_const
 .log_const_data_nrf_sdh_ble
                0x000000000002e0e8        0x8 _build/nrf52840_xxaa/nrf_sdh_ble.c.o
                0x000000000002e0e8                m_nrf_log_nrf_sdh_ble_logs_data_const
 .log_const_data_nrf_sdh_soc
                0x000000000002e0f0        0x8 _build/nrf52840_xxaa/nrf_sdh_soc.c.o
                0x000000000002e0f0                m_nrf_log_nrf_sdh_soc_logs_data_const
 .log_const_data_pwr_mgmt
                0x000000000002e0f8        0x8 _build/nrf52840_xxaa/nrf_pwr_mgmt.c.o
                0x000000000002e0f8                m_nrf_log_pwr_mgmt_logs_data_const
 .log_const_data_sortlist
                0x000000000002e100        0x8 _build/nrf52840_xxaa/nrf_sortlist.c.o
                0x000000000002e100                m_nrf_log_sortlist_logs_data_const
                0x000000000002e108                PROVIDE (__stop_log_const_data = .)

.log_backends   0x000000000002e108       0x10
                [!provide]                        PROVIDE (__start_log_backends = .)
 *(SORT_BY_NAME(.log_backends*))
 .log_backends  0x000000000002e108       0x10 _build/nrf52840_xxaa/nrf_log_default_backends.c.o
                [!provide]                        PROVIDE (__stop_log_backends = .)

.ARM.extab
 *(.ARM.extab* .gnu.linkonce.armextab.*)
                0x000000000002e118                __exidx_start = .

.ARM.exidx      0x000000000002e118        0x8
 *(.ARM.exidx* .gnu.linkonce.armexidx.*)
 .ARM.exidx     0x000000000002e118        0x8 /usr/lib/gcc/arm-none-eabi/9.2.1/../../../arm-none-eabi/lib/thumb/v7e-m+fp/hard/crt0.o
                                         0x10 (size before relaxing)
                0x000000000002e120                __exidx_end = .

.rel.dyn        0x000000000002e120        0x0
 .rel.iplt      0x000000000002e120        0x0 /usr/lib/gcc/arm-none-eabi/9.2.1/thumb/v7e-m+fp/hard/crtbegin.o
                0x000000000002e120                . = ALIGN (0x4)
                0x000000000002e120                __etext = .

.data           0x0000000020002300       0xb0 load address 0x000000000002e120
                0x0000000020002300                __data_start__ = .
 *(vtable)
 *(.data*)
 .data.m_uart   0x0000000020002300       0x14 _build/nrf52840_xxaa/nrf_log_backend_uart.c.o
                0x0000000020002300                m_uart
 .data.log_backend_cb_uart_log_backend
                0x0000000020002314        0x8 _build/nrf52840_xxaa/nrf_log_default_backends.c.o
 .data.m_rtc_inst
                0x000000002000231c        0x8 _build/nrf52840_xxaa/app_timer2.c.o
 .data.SystemCoreClock
                0x0000000020002324        0x4 _build/nrf52840_xxaa/system_nrf52840.c.o
                0x0000000020002324                SystemCoreClock
 .data.buttons.11859
                0x0000000020002328        0x8 _build/nrf52840_xxaa/main.c.o
 .data.m_adv_data
                0x0000000020002330       0x10 _build/nrf52840_xxaa/main.c.o
 .data.m_adv_handle
                0x0000000020002340        0x1 _build/nrf52840_xxaa/main.c.o
 *fill*         0x0000000020002341        0x1 
 .data.m_conn_handle
                0x0000000020002342        0x2 _build/nrf52840_xxaa/main.c.o
 .data          0x0000000020002344       0x64 /usr/lib/gcc/arm-none-eabi/9.2.1/../../../arm-none-eabi/lib/thumb/v7e-m+fp/hard/libc_nano.a(lib_a-impure.o)
                0x0000000020002344                _impure_ptr
                0x00000000200023a8                . = ALIGN (0x4)
                0x00000000200023a8                PROVIDE (__preinit_array_start = .)
 *(.preinit_array)
                0x00000000200023a8                PROVIDE (__preinit_array_end = .)
                0x00000000200023a8                . = ALIGN (0x4)
                0x00000000200023a8                PROVIDE (__init_array_start = .)
 *(SORT_BY_NAME(.init_array.*))
 *(.init_array)
 .init_array    0x00000000200023a8        0x4 /usr/lib/gcc/arm-none-eabi/9.2.1/thumb/v7e-m+fp/hard/crtbegin.o
                0x00000000200023ac                PROVIDE (__init_array_end = .)
                0x00000000200023ac                . = ALIGN (0x4)
                0x00000000200023ac                PROVIDE (__fini_array_start = .)
 *(SORT_BY_NAME(.fini_array.*))
 *(.fini_array)
 .fini_array    0x00000000200023ac        0x4 /usr/lib/gcc/arm-none-eabi/9.2.1/thumb/v7e-m+fp/hard/crtbegin.o
                0x00000000200023b0                PROVIDE (__fini_array_end = .)
 *(.jcr*)
                0x00000000200023b0                . = ALIGN (0x4)
                0x00000000200023b0                __data_end__ = .
LOAD /usr/lib/gcc/arm-none-eabi/9.2.1/thumb/v7e-m+fp/hard/crti.o
LOAD /usr/lib/gcc/arm-none-eabi/9.2.1/thumb/v7e-m+fp/hard/crtbegin.o
LOAD /usr/lib/gcc/arm-none-eabi/9.2.1/../../../arm-none-eabi/lib/thumb/v7e-m+fp/hard/crt0.o
LOAD _build/nrf52840_xxaa/gcc_startup_nrf52840.S.o
LOAD _build/nrf52840_xxaa/nrf_log_backend_rtt.c.o
LOAD _build/nrf52840_xxaa/nrf_log_backend_serial.c.o
LOAD _build/nrf52840_xxaa/nrf_log_backend_uart.c.o
LOAD _build/nrf52840_xxaa/nrf_log_default_backends.c.o
LOAD _build/nrf52840_xxaa/nrf_log_frontend.c.o
LOAD _build/nrf52840_xxaa/nrf_log_str_formatter.c.o
LOAD _build/nrf52840_xxaa/app_button.c.o
LOAD _build/nrf52840_xxaa/app_error.c.o
LOAD _build/nrf52840_xxaa/app_error_handler_gcc.c.o
LOAD _build/nrf52840_xxaa/app_error_weak.c.o
LOAD _build/nrf52840_xxaa/app_scheduler.c.o
LOAD _build/nrf52840_xxaa/app_timer2.c.o
LOAD _build/nrf52840_xxaa/app_util_platform.c.o
LOAD _build/nrf52840_xxaa/drv_rtc.c.o
LOAD _build/nrf52840_xxaa/hardfault_implementation.c.o
LOAD _build/nrf52840_xxaa/nrf_assert.c.o
LOAD _build/nrf52840_xxaa/nrf_atfifo.c.o
LOAD _build/nrf52840_xxaa/nrf_atflags.c.o
LOAD _build/nrf52840_xxaa/nrf_atomic.c.o
LOAD _build/nrf52840_xxaa/nrf_balloc.c.o
LOAD _build/nrf52840_xxaa/nrf_fprintf.c.o
LOAD _build/nrf52840_xxaa/nrf_fprintf_format.c.o
LOAD _build/nrf52840_xxaa/nrf_memobj.c.o
LOAD _build/nrf52840_xxaa/nrf_pwr_mgmt.c.o
LOAD _build/nrf52840_xxaa/nrf_ringbuf.c.o
LOAD _build/nrf52840_xxaa/nrf_section_iter.c.o
LOAD _build/nrf52840_xxaa/nrf_sortlist.c.o
LOAD _build/nrf52840_xxaa/nrf_strerror.c.o
LOAD _build/nrf52840_xxaa/system_nrf52840.c.o
LOAD _build/nrf52840_xxaa/boards.c.o
LOAD _build/nrf52840_xxaa/nrf_drv_clock.c.o
LOAD _build/nrf52840_xxaa/nrf_drv_uart.c.o
LOAD _build/nrf52840_xxaa/nrfx_atomic.c.o
LOAD _build/nrf52840_xxaa/nrfx_clock.c.o
LOAD _build/nrf52840_xxaa/nrfx_gpiote.c.o
LOAD _build/nrf52840_xxaa/nrfx_prs.c.o
LOAD _build/nrf52840_xxaa/nrfx_uart.c.o
LOAD _build/nrf52840_xxaa/nrfx_uarte.c.o
LOAD _build/nrf52840_xxaa/main.c.o
LOAD _build/nrf52840_xxaa/SEGGER_RTT.c.o
LOAD _build/nrf52840_xxaa/SEGGER_RTT_Syscalls_GCC.c.o
LOAD _build/nrf52840_xxaa/SEGGER_RTT_printf.c.o
LOAD _build/nrf52840_xxaa/ble_advdata.c.o
LOAD _build/nrf52840_xxaa/ble_conn_params.c.o
LOAD _build/nrf52840_xxaa/ble_conn_state.c.o
LOAD _build/nrf52840_xxaa/ble_srv_common.c.o
LOAD _build/nrf52840_xxaa/nrf_ble_gatt.c.o
LOAD _build/nrf52840_xxaa/nrf_ble_qwr.c.o
LOAD _build/nrf52840_xxaa/utf.c.o
LOAD _build/nrf52840_xxaa/ble_lbs.c.o
LOAD _build/nrf52840_xxaa/nrf_sdh.c.o
LOAD _build/nrf52840_xxaa/nrf_sdh_ble.c.o
LOAD _build/nrf52840_xxaa/nrf_sdh_soc.c.o
LOAD /usr/lib/gcc/arm-none-eabi/9.2.1/../../../arm-none-eabi/lib/thumb/v7e-m+fp/hard/libc_nano.a
LOAD /usr/lib/gcc/arm-none-eabi/9.2.1/../../../arm-none-eabi/lib/thumb/v7e-m+fp/hard/libnosys.a
LOAD /usr/lib/gcc/arm-none-eabi/9.2.1/../../../arm-none-eabi/lib/thumb/v7e-m+fp/hard/libm.a
START GROUP
LOAD /usr/lib/gcc/arm-none-eabi/9.2.1/thumb/v7e-m+fp/hard/libgcc.a
LOAD /usr/lib/gcc/arm-none-eabi/9.2.1/../../../arm-none-eabi/lib/thumb/v7e-m+fp/hard/libg_nano.a
LOAD /usr/lib/gcc/arm-none-eabi/9.2.1/../../../arm-none-eabi/lib/thumb/v7e-m+fp/hard/libc_nano.a
END GROUP
START GROUP
LOAD /usr/lib/gcc/arm-none-eabi/9.2.1/thumb/v7e-m+fp/hard/libgcc.a
LOAD /usr/lib/gcc/arm-none-eabi/9.2.1/../../../arm-none-eabi/lib/thumb/v7e-m+fp/hard/libc_nano.a
END GROUP
LOAD /usr/lib/gcc/arm-none-eabi/9.2.1/thumb/v7e-m+fp/hard/crtend.o
LOAD /usr/lib/gcc/arm-none-eabi/9.2.1/thumb/v7e-m+fp/hard/crtn.o
START GROUP
LOAD /usr/lib/gcc/arm-none-eabi/9.2.1/thumb/v7e-m+fp/hard/libgcc.a
LOAD /usr/lib/gcc/arm-none-eabi/9.2.1/../../../arm-none-eabi/lib/thumb/v7e-m+fp/hard/libc.a
LOAD /usr/lib/gcc/arm-none-eabi/9.2.1/../../../arm-none-eabi/lib/thumb/v7e-m+fp/hard/libnosys.a
END GROUP

.tm_clone_table
                0x00000000200023b0        0x0 load address 0x000000000002e1d0
 .tm_clone_table
                0x00000000200023b0        0x0 /usr/lib/gcc/arm-none-eabi/9.2.1/thumb/v7e-m+fp/hard/crtbegin.o
 .tm_clone_table
                0x00000000200023b0        0x0 /usr/lib/gcc/arm-none-eabi/9.2.1/thumb/v7e-m+fp/hard/crtend.o

.igot.plt       0x00000000200023b0        0x0 load address 0x000000000002e1d0
 .igot.plt      0x00000000200023b0        0x0 /usr/lib/gcc/arm-none-eabi/9.2.1/thumb/v7e-m+fp/hard/crtbegin.o
                0x00000000200023b0                . = ALIGN (0x4)

.mem_section_dummy_ram

.cli_sorted_cmd_ptrs
                0x00000000200023b0        0x0
                [!provide]                        PROVIDE (__start_cli_sorted_cmd_ptrs = .)
 *(.cli_sorted_cmd_ptrs)
                [!provide]                        PROVIDE (__stop_cli_sorted_cmd_ptrs = .)

.fs_data        0x00000000200023b0        0x0
                [!provide]                        PROVIDE (__start_fs_data = .)
 *(.fs_data)
                [!provide]                        PROVIDE (__stop_fs_data = .)

.log_dynamic_data
                0x00000000200023b0        0x0
                0x00000000200023b0                PROVIDE (__start_log_dynamic_data = .)
 *(SORT_BY_NAME(.log_dynamic_data*))
                [!provide]                        PROVIDE (__stop_log_dynamic_data = .)

.log_filter_data
                0x00000000200023b0        0x0
                [!provide]                        PROVIDE (__start_log_filter_data = .)
 *(SORT_BY_NAME(.log_filter_data*))
                [!provide]                        PROVIDE (__stop_log_filter_data = .)

.bss            0x00000000200023b0      0x9d8 load address 0x000000000002e1d0
                0x00000000200023b0                . = ALIGN (0x4)
                0x00000000200023b0                __bss_start__ = .
 *(.bss*)
 .bss           0x00000000200023b0       0x1c /usr/lib/gcc/arm-none-eabi/9.2.1/thumb/v7e-m+fp/hard/crtbegin.o
 .bss.m_async_mode
                0x00000000200023cc        0x1 _build/nrf52840_xxaa/nrf_log_backend_uart.c.o
 *fill*         0x00000000200023cd        0x3 
 .bss.m_string_buff
                0x00000000200023d0       0x40 _build/nrf52840_xxaa/nrf_log_backend_uart.c.o
 .bss.m_xfer_done
                0x0000000020002410        0x1 _build/nrf52840_xxaa/nrf_log_backend_uart.c.o
 *fill*         0x0000000020002411        0x3 
 .bss.log_mempool_nrf_balloc_cb
                0x0000000020002414        0x8 _build/nrf52840_xxaa/nrf_log_frontend.c.o
 .bss.log_mempool_nrf_balloc_pool_mem
                0x000000002000241c       0xc0 _build/nrf52840_xxaa/nrf_log_frontend.c.o
 .bss.log_mempool_nrf_balloc_pool_stack
                0x00000000200024dc        0x8 _build/nrf52840_xxaa/nrf_log_frontend.c.o
 .bss.m_log_data
                0x00000000200024e4      0x420 _build/nrf52840_xxaa/nrf_log_frontend.c.o
 .bss.m_log_push_ringbuf_buf
                0x0000000020002904       0x80 _build/nrf52840_xxaa/nrf_log_frontend.c.o
 .bss.m_log_push_ringbuf_cb
                0x0000000020002984       0x18 _build/nrf52840_xxaa/nrf_log_frontend.c.o
 .bss.m_button_count
                0x000000002000299c        0x1 _build/nrf52840_xxaa/app_button.c.o
 *fill*         0x000000002000299d        0x3 
 .bss.m_detection_delay
                0x00000000200029a0        0x4 _build/nrf52840_xxaa/app_button.c.o
 *fill*         0x00000000200029a4        0x4 
 .bss.m_detection_delay_timer_id_data
                0x00000000200029a8       0x20 _build/nrf52840_xxaa/app_button.c.o
 .bss.m_pin_active
                0x00000000200029c8        0x8 _build/nrf52840_xxaa/app_button.c.o
 .bss.m_pin_states
                0x00000000200029d0       0x20 _build/nrf52840_xxaa/app_button.c.o
 .bss.mp_buttons
                0x00000000200029f0        0x4 _build/nrf52840_xxaa/app_button.c.o
 .bss.m_app_timer_sortlist_sortlist_cb
                0x00000000200029f4        0x4 _build/nrf52840_xxaa/app_timer2.c.o
 .bss.m_base_counter
                0x00000000200029f8        0x8 _build/nrf52840_xxaa/app_timer2.c.o
 .bss.m_global_active
                0x0000000020002a00        0x1 _build/nrf52840_xxaa/app_timer2.c.o
 *fill*         0x0000000020002a01        0x3 
 .bss.m_req_fifo_data
                0x0000000020002a04       0x58 _build/nrf52840_xxaa/app_timer2.c.o
 .bss.m_req_fifo_inst
                0x0000000020002a5c       0x10 _build/nrf52840_xxaa/app_timer2.c.o
 *fill*         0x0000000020002a6c        0x4 
 .bss.m_stamp64
                0x0000000020002a70        0x8 _build/nrf52840_xxaa/app_timer2.c.o
 .bss.mp_active_timer
                0x0000000020002a78        0x4 _build/nrf52840_xxaa/app_timer2.c.o
 .bss.m_cb      0x0000000020002a7c        0x8 _build/nrf52840_xxaa/drv_rtc.c.o
 .bss.m_handlers
                0x0000000020002a84        0x4 _build/nrf52840_xxaa/drv_rtc.c.o
 .bss.m_handlers_iter
                0x0000000020002a88        0x8 _build/nrf52840_xxaa/nrf_pwr_mgmt.c.o
 .bss.m_shutdown_started
                0x0000000020002a90        0x1 _build/nrf52840_xxaa/nrf_pwr_mgmt.c.o
 *fill*         0x0000000020002a91        0x3 
 .bss.m_sysoff_mtx
                0x0000000020002a94        0x4 _build/nrf52840_xxaa/nrf_pwr_mgmt.c.o
 .bss.m_clock_cb
                0x0000000020002a98       0x14 _build/nrf52840_xxaa/nrf_drv_clock.c.o
 .bss.m_contexts
                0x0000000020002aac        0x8 _build/nrf52840_xxaa/nrf_drv_uart.c.o
 .bss.m_handlers
                0x0000000020002ab4        0x8 _build/nrf52840_xxaa/nrf_drv_uart.c.o
 .bss.m_clock_cb
                0x0000000020002abc        0x8 _build/nrf52840_xxaa/nrfx_clock.c.o
 *fill*         0x0000000020002ac4        0x4 
 .bss.m_cb      0x0000000020002ac8       0x6c _build/nrf52840_xxaa/nrfx_gpiote.c.o
 .bss.m_prs_box_4
                0x0000000020002b34        0x8 _build/nrf52840_xxaa/nrfx_prs.c.o
 *fill*         0x0000000020002b3c        0x4 
 .bss.m_cb      0x0000000020002b40       0x2c _build/nrf52840_xxaa/nrfx_uart.c.o
 *fill*         0x0000000020002b6c        0x4 
 .bss.m_cb      0x0000000020002b70       0x24 _build/nrf52840_xxaa/nrfx_uarte.c.o
 .bss.m_enc_advdata
                0x0000000020002b94       0x1f _build/nrf52840_xxaa/main.c.o
 *fill*         0x0000000020002bb3        0x1 
 .bss.m_enc_scan_response_data
                0x0000000020002bb4       0x1f _build/nrf52840_xxaa/main.c.o
 *fill*         0x0000000020002bd3        0x1 
 .bss.m_gatt    0x0000000020002bd4       0x14 _build/nrf52840_xxaa/main.c.o
 .bss.m_lbs     0x0000000020002be8       0x18 _build/nrf52840_xxaa/main.c.o
 .bss.m_qwr     0x0000000020002c00        0xc _build/nrf52840_xxaa/main.c.o
 .bss.m_conn_params_config
                0x0000000020002c0c       0x1c _build/nrf52840_xxaa/ble_conn_params.c.o
 .bss.m_conn_params_instances
                0x0000000020002c28       0x14 _build/nrf52840_xxaa/ble_conn_params.c.o
 .bss.m_preferred_conn_params
                0x0000000020002c3c        0x8 _build/nrf52840_xxaa/ble_conn_params.c.o
 *fill*         0x0000000020002c44        0x4 
 .bss.m_timer_data
                0x0000000020002c48       0x20 _build/nrf52840_xxaa/ble_conn_params.c.o
 .bss.m_bcs     0x0000000020002c68       0x7c _build/nrf52840_xxaa/ble_conn_state.c.o
 .bss.m_nrf_sdh_continue
                0x0000000020002ce4        0x1 _build/nrf52840_xxaa/nrf_sdh.c.o
 .bss.m_nrf_sdh_enabled
                0x0000000020002ce5        0x1 _build/nrf52840_xxaa/nrf_sdh.c.o
 .bss.m_nrf_sdh_suspended
                0x0000000020002ce6        0x1 _build/nrf52840_xxaa/nrf_sdh.c.o
 .bss.m_stack_is_enabled
                0x0000000020002ce7        0x1 _build/nrf52840_xxaa/nrf_sdh_ble.c.o
 .bss           0x0000000020002ce8       0x8c /usr/lib/gcc/arm-none-eabi/9.2.1/../../../arm-none-eabi/lib/thumb/v7e-m+fp/hard/libc_nano.a(lib_a-__atexit.o)
 .bss           0x0000000020002d74        0x4 /usr/lib/gcc/arm-none-eabi/9.2.1/../../../arm-none-eabi/lib/thumb/v7e-m+fp/hard/libc_nano.a(lib_a-__call_atexit.o)
                0x0000000020002d74                _global_atexit
 *(COMMON)
 COMMON         0x0000000020002d78        0xc _build/nrf52840_xxaa/app_util_platform.c.o
                0x0000000020002d78                nrf_nvic_state
 COMMON         0x0000000020002d84        0x2 _build/nrf52840_xxaa/nrf_drv_uart.c.o
                0x0000000020002d84                nrf_drv_uart_use_easy_dma
                0x0000000020002d88                . = ALIGN (0x4)
 *fill*         0x0000000020002d86        0x2 
                0x0000000020002d88                __bss_end__ = .

.heap           0x0000000020002d88     0x2000
                0x0000000020002d88                __HeapBase = .
                0x0000000020002d88                __end__ = .
                [!provide]                        PROVIDE (end = .)
 *(.heap*)
 .heap          0x0000000020002d88     0x2000 _build/nrf52840_xxaa/gcc_startup_nrf52840.S.o
                0x0000000020004d88                __HeapLimit = .

.stack_dummy    0x0000000020002d88     0x2000
 *(.stack*)
 .stack         0x0000000020002d88     0x2000 _build/nrf52840_xxaa/gcc_startup_nrf52840.S.o
                0x0000000020040000                __StackTop = (ORIGIN (RAM) + LENGTH (RAM))
                0x000000002003e000                __StackLimit = (__StackTop - SIZEOF (.stack_dummy))
                0x0000000020040000                PROVIDE (__stack = __StackTop)
                0x0000000000000001                ASSERT ((__StackLimit >= __HeapLimit), region RAM overflowed with stack)
                0x00000000000000b0                DataInitFlashUsed = (__bss_start__ - __data_start__)
                0x0000000000007120                CodeFlashUsed = (__etext - ORIGIN (FLASH))
                0x00000000000071d0                TotalFlashUsed = (CodeFlashUsed + DataInitFlashUsed)
                0x0000000000000001                ASSERT ((TotalFlashUsed <= LENGTH (FLASH)), region FLASH overflowed with .data and user data)
OUTPUT(_build/nrf52840_xxaa.out elf32-littlearm)
LOAD linker stubs

.ARM.attributes
                0x0000000000000000       0x30
 .ARM.attributes
                0x0000000000000000       0x1e /usr/lib/gcc/arm-none-eabi/9.2.1/thumb/v7e-m+fp/hard/crti.o
 .ARM.attributes
                0x000000000000001e       0x34 /usr/lib/gcc/arm-none-eabi/9.2.1/thumb/v7e-m+fp/hard/crtbegin.o
 .ARM.attributes
                0x0000000000000052       0x1c /usr/lib/gcc/arm-none-eabi/9.2.1/../../../arm-none-eabi/lib/thumb/v7e-m+fp/hard/crt0.o
 .ARM.attributes
                0x000000000000006e       0x20 _build/nrf52840_xxaa/gcc_startup_nrf52840.S.o
 .ARM.attributes
                0x000000000000008e       0x34 _build/nrf52840_xxaa/nrf_log_backend_serial.c.o
 .ARM.attributes
                0x00000000000000c2       0x34 _build/nrf52840_xxaa/nrf_log_backend_uart.c.o
 .ARM.attributes
                0x00000000000000f6       0x34 _build/nrf52840_xxaa/nrf_log_default_backends.c.o
 .ARM.attributes
                0x000000000000012a       0x34 _build/nrf52840_xxaa/nrf_log_frontend.c.o
 .ARM.attributes
                0x000000000000015e       0x34 _build/nrf52840_xxaa/nrf_log_str_formatter.c.o
 .ARM.attributes
                0x0000000000000192       0x34 _build/nrf52840_xxaa/app_button.c.o
 .ARM.attributes
                0x00000000000001c6       0x34 _build/nrf52840_xxaa/app_error.c.o
 .ARM.attributes
                0x00000000000001fa       0x34 _build/nrf52840_xxaa/app_error_weak.c.o
 .ARM.attributes
                0x000000000000022e       0x34 _build/nrf52840_xxaa/app_timer2.c.o
 .ARM.attributes
                0x0000000000000262       0x34 _build/nrf52840_xxaa/app_util_platform.c.o
 .ARM.attributes
                0x0000000000000296       0x34 _build/nrf52840_xxaa/drv_rtc.c.o
 .ARM.attributes
                0x00000000000002ca       0x34 _build/nrf52840_xxaa/nrf_atfifo.c.o
 .ARM.attributes
                0x00000000000002fe       0x34 _build/nrf52840_xxaa/nrf_atflags.c.o
 .ARM.attributes
                0x0000000000000332       0x34 _build/nrf52840_xxaa/nrf_atomic.c.o
 .ARM.attributes
                0x0000000000000366       0x34 _build/nrf52840_xxaa/nrf_balloc.c.o
 .ARM.attributes
                0x000000000000039a       0x34 _build/nrf52840_xxaa/nrf_fprintf.c.o
 .ARM.attributes
                0x00000000000003ce       0x34 _build/nrf52840_xxaa/nrf_fprintf_format.c.o
 .ARM.attributes
                0x0000000000000402       0x34 _build/nrf52840_xxaa/nrf_memobj.c.o
 .ARM.attributes
                0x0000000000000436       0x34 _build/nrf52840_xxaa/nrf_pwr_mgmt.c.o
 .ARM.attributes
                0x000000000000046a       0x34 _build/nrf52840_xxaa/nrf_ringbuf.c.o
 .ARM.attributes
                0x000000000000049e       0x34 _build/nrf52840_xxaa/nrf_section_iter.c.o
 .ARM.attributes
                0x00000000000004d2       0x34 _build/nrf52840_xxaa/nrf_sortlist.c.o
 .ARM.attributes
                0x0000000000000506       0x34 _build/nrf52840_xxaa/nrf_strerror.c.o
 .ARM.attributes
                0x000000000000053a       0x34 _build/nrf52840_xxaa/system_nrf52840.c.o
 .ARM.attributes
                0x000000000000056e       0x34 _build/nrf52840_xxaa/boards.c.o
 .ARM.attributes
                0x00000000000005a2       0x34 _build/nrf52840_xxaa/nrf_drv_clock.c.o
 .ARM.attributes
                0x00000000000005d6       0x34 _build/nrf52840_xxaa/nrf_drv_uart.c.o
 .ARM.attributes
                0x000000000000060a       0x34 _build/nrf52840_xxaa/nrfx_clock.c.o
 .ARM.attributes
                0x000000000000063e       0x34 _build/nrf52840_xxaa/nrfx_gpiote.c.o
 .ARM.attributes
                0x0000000000000672       0x34 _build/nrf52840_xxaa/nrfx_prs.c.o
 .ARM.attributes
                0x00000000000006a6       0x34 _build/nrf52840_xxaa/nrfx_uart.c.o
 .ARM.attributes
                0x00000000000006da       0x34 _build/nrf52840_xxaa/nrfx_uarte.c.o
 .ARM.attributes
                0x000000000000070e       0x34 _build/nrf52840_xxaa/main.c.o
 .ARM.attributes
                0x0000000000000742       0x34 _build/nrf52840_xxaa/ble_advdata.c.o
 .ARM.attributes
                0x0000000000000776       0x34 _build/nrf52840_xxaa/ble_conn_params.c.o
 .ARM.attributes
                0x00000000000007aa       0x34 _build/nrf52840_xxaa/ble_conn_state.c.o
 .ARM.attributes
                0x00000000000007de       0x34 _build/nrf52840_xxaa/ble_srv_common.c.o
 .ARM.attributes
                0x0000000000000812       0x34 _build/nrf52840_xxaa/nrf_ble_gatt.c.o
 .ARM.attributes
                0x0000000000000846       0x34 _build/nrf52840_xxaa/nrf_ble_qwr.c.o
 .ARM.attributes
                0x000000000000087a       0x34 _build/nrf52840_xxaa/ble_lbs.c.o
 .ARM.attributes
                0x00000000000008ae       0x34 _build/nrf52840_xxaa/nrf_sdh.c.o
 .ARM.attributes
                0x00000000000008e2       0x34 _build/nrf52840_xxaa/nrf_sdh_ble.c.o
 .ARM.attributes
                0x0000000000000916       0x34 _build/nrf52840_xxaa/nrf_sdh_soc.c.o
 .ARM.attributes
                0x000000000000094a       0x34 /usr/lib/gcc/arm-none-eabi/9.2.1/../../../arm-none-eabi/lib/thumb/v7e-m+fp/hard/libc_nano.a(lib_a-atexit.o)
 .ARM.attributes
                0x000000000000097e       0x32 /usr/lib/gcc/arm-none-eabi/9.2.1/../../../arm-none-eabi/lib/thumb/v7e-m+fp/hard/libc_nano.a(lib_a-ctype_.o)
 .ARM.attributes
                0x00000000000009b0       0x34 /usr/lib/gcc/arm-none-eabi/9.2.1/../../../arm-none-eabi/lib/thumb/v7e-m+fp/hard/libc_nano.a(lib_a-exit.o)
 .ARM.attributes
                0x00000000000009e4       0x34 /usr/lib/gcc/arm-none-eabi/9.2.1/../../../arm-none-eabi/lib/thumb/v7e-m+fp/hard/libc_nano.a(lib_a-fini.o)
 .ARM.attributes
                0x0000000000000a18       0x32 /usr/lib/gcc/arm-none-eabi/9.2.1/../../../arm-none-eabi/lib/thumb/v7e-m+fp/hard/libc_nano.a(lib_a-impure.o)
 .ARM.attributes
                0x0000000000000a4a       0x34 /usr/lib/gcc/arm-none-eabi/9.2.1/../../../arm-none-eabi/lib/thumb/v7e-m+fp/hard/libc_nano.a(lib_a-init.o)
 .ARM.attributes
                0x0000000000000a7e       0x1c /usr/lib/gcc/arm-none-eabi/9.2.1/../../../arm-none-eabi/lib/thumb/v7e-m+fp/hard/libc_nano.a(lib_a-memcpy.o)
 .ARM.attributes
                0x0000000000000a9a       0x34 /usr/lib/gcc/arm-none-eabi/9.2.1/../../../arm-none-eabi/lib/thumb/v7e-m+fp/hard/libc_nano.a(lib_a-memset.o)
 .ARM.attributes
                0x0000000000000ace       0x1c /usr/lib/gcc/arm-none-eabi/9.2.1/../../../arm-none-eabi/lib/thumb/v7e-m+fp/hard/libc_nano.a(lib_a-strlen.o)
 .ARM.attributes
                0x0000000000000aea       0x34 /usr/lib/gcc/arm-none-eabi/9.2.1/../../../arm-none-eabi/lib/thumb/v7e-m+fp/hard/libc_nano.a(lib_a-__atexit.o)
 .ARM.attributes
                0x0000000000000b1e       0x34 /usr/lib/gcc/arm-none-eabi/9.2.1/../../../arm-none-eabi/lib/thumb/v7e-m+fp/hard/libc_nano.a(lib_a-__call_atexit.o)
 .ARM.attributes
                0x0000000000000b52       0x34 /usr/lib/gcc/arm-none-eabi/9.2.1/../../../arm-none-eabi/lib/thumb/v7e-m+fp/hard/libnosys.a(_exit.o)
 .ARM.attributes
                0x0000000000000b86       0x32 /usr/lib/gcc/arm-none-eabi/9.2.1/thumb/v7e-m+fp/hard/crtend.o
 .ARM.attributes
                0x0000000000000bb8       0x1e /usr/lib/gcc/arm-none-eabi/9.2.1/thumb/v7e-m+fp/hard/crtn.o

.comment        0x0000000000000000       0xa7
 .comment       0x0000000000000000       0x59 /usr/lib/gcc/arm-none-eabi/9.2.1/thumb/v7e-m+fp/hard/crtbegin.o
                                         0x5a (size before relaxing)
 .comment       0x0000000000000059       0x5a _build/nrf52840_xxaa/nrf_log_backend_serial.c.o
 .comment       0x0000000000000059       0x5a _build/nrf52840_xxaa/nrf_log_backend_uart.c.o
 .comment       0x0000000000000059       0x5a _build/nrf52840_xxaa/nrf_log_default_backends.c.o
 .comment       0x0000000000000059       0x5a _build/nrf52840_xxaa/nrf_log_frontend.c.o
 .comment       0x0000000000000059       0x5a _build/nrf52840_xxaa/nrf_log_str_formatter.c.o
 .comment       0x0000000000000059       0x5a _build/nrf52840_xxaa/app_button.c.o
 .comment       0x0000000000000059       0x5a _build/nrf52840_xxaa/app_error.c.o
 .comment       0x0000000000000059       0x5a _build/nrf52840_xxaa/app_error_weak.c.o
 .comment       0x0000000000000059       0x5a _build/nrf52840_xxaa/app_timer2.c.o
 .comment       0x0000000000000059       0x5a _build/nrf52840_xxaa/app_util_platform.c.o
 .comment       0x0000000000000059       0x5a _build/nrf52840_xxaa/drv_rtc.c.o
 .comment       0x0000000000000059       0x5a _build/nrf52840_xxaa/nrf_atfifo.c.o
 .comment       0x0000000000000059       0x5a _build/nrf52840_xxaa/nrf_atflags.c.o
 .comment       0x0000000000000059       0x5a _build/nrf52840_xxaa/nrf_atomic.c.o
 .comment       0x0000000000000059       0x5a _build/nrf52840_xxaa/nrf_balloc.c.o
 .comment       0x0000000000000059       0x5a _build/nrf52840_xxaa/nrf_fprintf.c.o
 .comment       0x0000000000000059       0x5a _build/nrf52840_xxaa/nrf_fprintf_format.c.o
 .comment       0x0000000000000059       0x5a _build/nrf52840_xxaa/nrf_memobj.c.o
 .comment       0x0000000000000059       0x5a _build/nrf52840_xxaa/nrf_pwr_mgmt.c.o
 .comment       0x0000000000000059       0x5a _build/nrf52840_xxaa/nrf_ringbuf.c.o
 .comment       0x0000000000000059       0x5a _build/nrf52840_xxaa/nrf_section_iter.c.o
 .comment       0x0000000000000059       0x5a _build/nrf52840_xxaa/nrf_sortlist.c.o
 .comment       0x0000000000000059       0x5a _build/nrf52840_xxaa/nrf_strerror.c.o
 .comment       0x0000000000000059       0x5a _build/nrf52840_xxaa/system_nrf52840.c.o
 .comment       0x0000000000000059       0x5a _build/nrf52840_xxaa/boards.c.o
 .comment       0x0000000000000059       0x5a _build/nrf52840_xxaa/nrf_drv_clock.c.o
 .comment       0x0000000000000059       0x5a _build/nrf52840_xxaa/nrf_drv_uart.c.o
 .comment       0x0000000000000059       0x5a _build/nrf52840_xxaa/nrfx_clock.c.o
 .comment       0x0000000000000059       0x5a _build/nrf52840_xxaa/nrfx_gpiote.c.o
 .comment       0x0000000000000059       0x5a _build/nrf52840_xxaa/nrfx_prs.c.o
 .comment       0x0000000000000059       0x5a _build/nrf52840_xxaa/nrfx_uart.c.o
 .comment       0x0000000000000059       0x5a _build/nrf52840_xxaa/nrfx_uarte.c.o
 .comment       0x0000000000000059       0x5a _build/nrf52840_xxaa/main.c.o
 .comment       0x0000000000000059       0x5a _build/nrf52840_xxaa/ble_advdata.c.o
 .comment       0x0000000000000059       0x5a _build/nrf52840_xxaa/ble_conn_params.c.o
 .comment       0x0000000000000059       0x5a _build/nrf52840_xxaa/ble_conn_state.c.o
 .comment       0x0000000000000059       0x5a _build/nrf52840_xxaa/ble_srv_common.c.o
 .comment       0x0000000000000059       0x5a _build/nrf52840_xxaa/nrf_ble_gatt.c.o
 .comment       0x0000000000000059       0x5a _build/nrf52840_xxaa/nrf_ble_qwr.c.o
 .comment       0x0000000000000059       0x5a _build/nrf52840_xxaa/ble_lbs.c.o
 .comment       0x0000000000000059       0x5a _build/nrf52840_xxaa/nrf_sdh.c.o
 .comment       0x0000000000000059       0x5a _build/nrf52840_xxaa/nrf_sdh_ble.c.o
 .comment       0x0000000000000059       0x5a _build/nrf52840_xxaa/nrf_sdh_soc.c.o
 .comment       0x0000000000000059       0x4e /usr/lib/gcc/arm-none-eabi/9.2.1/../../../arm-none-eabi/lib/thumb/v7e-m+fp/hard/libc_nano.a(lib_a-atexit.o)
                                         0x4f (size before relaxing)
 .comment       0x00000000000000a7       0x4f /usr/lib/gcc/arm-none-eabi/9.2.1/../../../arm-none-eabi/lib/thumb/v7e-m+fp/hard/libc_nano.a(lib_a-ctype_.o)
 .comment       0x00000000000000a7       0x4f /usr/lib/gcc/arm-none-eabi/9.2.1/../../../arm-none-eabi/lib/thumb/v7e-m+fp/hard/libc_nano.a(lib_a-exit.o)
 .comment       0x00000000000000a7       0x4f /usr/lib/gcc/arm-none-eabi/9.2.1/../../../arm-none-eabi/lib/thumb/v7e-m+fp/hard/libc_nano.a(lib_a-fini.o)
 .comment       0x00000000000000a7       0x4f /usr/lib/gcc/arm-none-eabi/9.2.1/../../../arm-none-eabi/lib/thumb/v7e-m+fp/hard/libc_nano.a(lib_a-impure.o)
 .comment       0x00000000000000a7       0x4f /usr/lib/gcc/arm-none-eabi/9.2.1/../../../arm-none-eabi/lib/thumb/v7e-m+fp/hard/libc_nano.a(lib_a-init.o)
 .comment       0x00000000000000a7       0x4f /usr/lib/gcc/arm-none-eabi/9.2.1/../../../arm-none-eabi/lib/thumb/v7e-m+fp/hard/libc_nano.a(lib_a-memset.o)
 .comment       0x00000000000000a7       0x4f /usr/lib/gcc/arm-none-eabi/9.2.1/../../../arm-none-eabi/lib/thumb/v7e-m+fp/hard/libc_nano.a(lib_a-__atexit.o)
 .comment       0x00000000000000a7       0x4f /usr/lib/gcc/arm-none-eabi/9.2.1/../../../arm-none-eabi/lib/thumb/v7e-m+fp/hard/libc_nano.a(lib_a-__call_atexit.o)
 .comment       0x00000000000000a7       0x4f /usr/lib/gcc/arm-none-eabi/9.2.1/../../../arm-none-eabi/lib/thumb/v7e-m+fp/hard/libnosys.a(_exit.o)
 .comment       0x00000000000000a7       0x5a /usr/lib/gcc/arm-none-eabi/9.2.1/thumb/v7e-m+fp/hard/crtend.o

.debug_line     0x0000000000000000    0x2416d
 .debug_line    0x0000000000000000       0x87 /usr/lib/gcc/arm-none-eabi/9.2.1/../../../arm-none-eabi/lib/thumb/v7e-m+fp/hard/crt0.o
 .debug_line    0x0000000000000087       0x7b _build/nrf52840_xxaa/gcc_startup_nrf52840.S.o
 .debug_line    0x0000000000000102      0x7a1 _build/nrf52840_xxaa/nrf_log_backend_serial.c.o
 .debug_line    0x00000000000008a3      0xa6c _build/nrf52840_xxaa/nrf_log_backend_uart.c.o
 .debug_line    0x000000000000130f      0x68a _build/nrf52840_xxaa/nrf_log_default_backends.c.o
 .debug_line    0x0000000000001999     0x2af3 _build/nrf52840_xxaa/nrf_log_frontend.c.o
 .debug_line    0x000000000000448c      0x8d8 _build/nrf52840_xxaa/nrf_log_str_formatter.c.o
 .debug_line    0x0000000000004d64     0x1113 _build/nrf52840_xxaa/app_button.c.o
 .debug_line    0x0000000000005e77      0x491 _build/nrf52840_xxaa/app_error.c.o
 .debug_line    0x0000000000006308      0x781 _build/nrf52840_xxaa/app_error_weak.c.o
 .debug_line    0x0000000000006a89     0x1024 _build/nrf52840_xxaa/app_timer2.c.o
 .debug_line    0x0000000000007aad      0x6d5 _build/nrf52840_xxaa/app_util_platform.c.o
 .debug_line    0x0000000000008182     0x13a2 _build/nrf52840_xxaa/drv_rtc.c.o
 .debug_line    0x0000000000009524      0x951 _build/nrf52840_xxaa/nrf_atfifo.c.o
 .debug_line    0x0000000000009e75      0x790 _build/nrf52840_xxaa/nrf_atflags.c.o
 .debug_line    0x000000000000a605      0x7d1 _build/nrf52840_xxaa/nrf_atomic.c.o
 .debug_line    0x000000000000add6      0x7d7 _build/nrf52840_xxaa/nrf_balloc.c.o
 .debug_line    0x000000000000b5ad      0x48d _build/nrf52840_xxaa/nrf_fprintf.c.o
 .debug_line    0x000000000000ba3a      0xe67 _build/nrf52840_xxaa/nrf_fprintf_format.c.o
 .debug_line    0x000000000000c8a1      0xa71 _build/nrf52840_xxaa/nrf_memobj.c.o
 .debug_line    0x000000000000d312      0xcf3 _build/nrf52840_xxaa/nrf_pwr_mgmt.c.o
 .debug_line    0x000000000000e005      0x8fb _build/nrf52840_xxaa/nrf_ringbuf.c.o
 .debug_line    0x000000000000e900      0x4a3 _build/nrf52840_xxaa/nrf_section_iter.c.o
 .debug_line    0x000000000000eda3      0x657 _build/nrf52840_xxaa/nrf_sortlist.c.o
 .debug_line    0x000000000000f3fa      0x4f4 _build/nrf52840_xxaa/nrf_strerror.c.o
 .debug_line    0x000000000000f8ee      0x657 _build/nrf52840_xxaa/system_nrf52840.c.o
 .debug_line    0x000000000000ff45      0xf4c _build/nrf52840_xxaa/boards.c.o
 .debug_line    0x0000000000010e91     0x10d7 _build/nrf52840_xxaa/nrf_drv_clock.c.o
 .debug_line    0x0000000000011f68      0x756 _build/nrf52840_xxaa/nrf_drv_uart.c.o
 .debug_line    0x00000000000126be      0xf51 _build/nrf52840_xxaa/nrfx_clock.c.o
 .debug_line    0x000000000001360f     0x2fa2 _build/nrf52840_xxaa/nrfx_gpiote.c.o
 .debug_line    0x00000000000165b1      0x816 _build/nrf52840_xxaa/nrfx_prs.c.o
 .debug_line    0x0000000000016dc7     0x1df9 _build/nrf52840_xxaa/nrfx_uart.c.o
 .debug_line    0x0000000000018bc0     0x1da0 _build/nrf52840_xxaa/nrfx_uarte.c.o
 .debug_line    0x000000000001a960     0x127a _build/nrf52840_xxaa/main.c.o
 .debug_line    0x000000000001bbda     0x12bb _build/nrf52840_xxaa/ble_advdata.c.o
 .debug_line    0x000000000001ce95      0xd6f _build/nrf52840_xxaa/ble_conn_params.c.o
 .debug_line    0x000000000001dc04     0x10ac _build/nrf52840_xxaa/ble_conn_state.c.o
 .debug_line    0x000000000001ecb0      0x9b9 _build/nrf52840_xxaa/ble_srv_common.c.o
 .debug_line    0x000000000001f669      0xc1d _build/nrf52840_xxaa/nrf_ble_gatt.c.o
 .debug_line    0x0000000000020286      0x789 _build/nrf52840_xxaa/nrf_ble_qwr.c.o
 .debug_line    0x0000000000020a0f      0x7bf _build/nrf52840_xxaa/ble_lbs.c.o
 .debug_line    0x00000000000211ce      0xf23 _build/nrf52840_xxaa/nrf_sdh.c.o
 .debug_line    0x00000000000220f1      0xa53 _build/nrf52840_xxaa/nrf_sdh_ble.c.o
 .debug_line    0x0000000000022b44      0x6c0 _build/nrf52840_xxaa/nrf_sdh_soc.c.o
 .debug_line    0x0000000000023204      0x14a /usr/lib/gcc/arm-none-eabi/9.2.1/../../../arm-none-eabi/lib/thumb/v7e-m+fp/hard/libc_nano.a(lib_a-atexit.o)
 .debug_line    0x000000000002334e      0x154 /usr/lib/gcc/arm-none-eabi/9.2.1/../../../arm-none-eabi/lib/thumb/v7e-m+fp/hard/libc_nano.a(lib_a-ctype_.o)
 .debug_line    0x00000000000234a2      0x16c /usr/lib/gcc/arm-none-eabi/9.2.1/../../../arm-none-eabi/lib/thumb/v7e-m+fp/hard/libc_nano.a(lib_a-exit.o)
 .debug_line    0x000000000002360e       0xd7 /usr/lib/gcc/arm-none-eabi/9.2.1/../../../arm-none-eabi/lib/thumb/v7e-m+fp/hard/libc_nano.a(lib_a-fini.o)
 .debug_line    0x00000000000236e5       0xe3 /usr/lib/gcc/arm-none-eabi/9.2.1/../../../arm-none-eabi/lib/thumb/v7e-m+fp/hard/libc_nano.a(lib_a-impure.o)
 .debug_line    0x00000000000237c8      0x10d /usr/lib/gcc/arm-none-eabi/9.2.1/../../../arm-none-eabi/lib/thumb/v7e-m+fp/hard/libc_nano.a(lib_a-init.o)
 .debug_line    0x00000000000238d5       0xbe /usr/lib/gcc/arm-none-eabi/9.2.1/../../../arm-none-eabi/lib/thumb/v7e-m+fp/hard/libc_nano.a(lib_a-memcpy.o)
 .debug_line    0x0000000000023993      0x26b /usr/lib/gcc/arm-none-eabi/9.2.1/../../../arm-none-eabi/lib/thumb/v7e-m+fp/hard/libc_nano.a(lib_a-memset.o)
 .debug_line    0x0000000000023bfe       0xaf /usr/lib/gcc/arm-none-eabi/9.2.1/../../../arm-none-eabi/lib/thumb/v7e-m+fp/hard/libc_nano.a(lib_a-strlen.o)
 .debug_line    0x0000000000023cad      0x228 /usr/lib/gcc/arm-none-eabi/9.2.1/../../../arm-none-eabi/lib/thumb/v7e-m+fp/hard/libc_nano.a(lib_a-__atexit.o)
 .debug_line    0x0000000000023ed5      0x22a /usr/lib/gcc/arm-none-eabi/9.2.1/../../../arm-none-eabi/lib/thumb/v7e-m+fp/hard/libc_nano.a(lib_a-__call_atexit.o)
 .debug_line    0x00000000000240ff       0x6e /usr/lib/gcc/arm-none-eabi/9.2.1/../../../arm-none-eabi/lib/thumb/v7e-m+fp/hard/libnosys.a(_exit.o)

.debug_info     0x0000000000000000    0x59e29
 .debug_info    0x0000000000000000       0x26 /usr/lib/gcc/arm-none-eabi/9.2.1/../../../arm-none-eabi/lib/thumb/v7e-m+fp/hard/crt0.o
 .debug_info    0x0000000000000026       0x26 _build/nrf52840_xxaa/gcc_startup_nrf52840.S.o
 .debug_info    0x000000000000004c     0x1211 _build/nrf52840_xxaa/nrf_log_backend_serial.c.o
 .debug_info    0x000000000000125d     0x1c8a _build/nrf52840_xxaa/nrf_log_backend_uart.c.o
 .debug_info    0x0000000000002ee7      0xd63 _build/nrf52840_xxaa/nrf_log_default_backends.c.o
 .debug_info    0x0000000000003c4a     0x464e _build/nrf52840_xxaa/nrf_log_frontend.c.o
 .debug_info    0x0000000000008298     0x13f6 _build/nrf52840_xxaa/nrf_log_str_formatter.c.o
 .debug_info    0x000000000000968e     0x1cfb _build/nrf52840_xxaa/app_button.c.o
 .debug_info    0x000000000000b389      0xb65 _build/nrf52840_xxaa/app_error.c.o
 .debug_info    0x000000000000beee      0xfcb _build/nrf52840_xxaa/app_error_weak.c.o
 .debug_info    0x000000000000ceb9     0x21bc _build/nrf52840_xxaa/app_timer2.c.o
 .debug_info    0x000000000000f075     0x12e6 _build/nrf52840_xxaa/app_util_platform.c.o
 .debug_info    0x000000000001035b     0x2b5e _build/nrf52840_xxaa/drv_rtc.c.o
 .debug_info    0x0000000000012eb9     0x1550 _build/nrf52840_xxaa/nrf_atfifo.c.o
 .debug_info    0x0000000000014409      0xfea _build/nrf52840_xxaa/nrf_atflags.c.o
 .debug_info    0x00000000000153f3     0x13c1 _build/nrf52840_xxaa/nrf_atomic.c.o
 .debug_info    0x00000000000167b4      0xe69 _build/nrf52840_xxaa/nrf_balloc.c.o
 .debug_info    0x000000000001761d      0xb16 _build/nrf52840_xxaa/nrf_fprintf.c.o
 .debug_info    0x0000000000018133     0x1542 _build/nrf52840_xxaa/nrf_fprintf_format.c.o
 .debug_info    0x0000000000019675     0x15e0 _build/nrf52840_xxaa/nrf_memobj.c.o
 .debug_info    0x000000000001ac55     0x1e1b _build/nrf52840_xxaa/nrf_pwr_mgmt.c.o
 .debug_info    0x000000000001ca70      0xf50 _build/nrf52840_xxaa/nrf_ringbuf.c.o
 .debug_info    0x000000000001d9c0      0xa86 _build/nrf52840_xxaa/nrf_section_iter.c.o
 .debug_info    0x000000000001e446      0xd32 _build/nrf52840_xxaa/nrf_sortlist.c.o
 .debug_info    0x000000000001f178      0xb53 _build/nrf52840_xxaa/nrf_strerror.c.o
 .debug_info    0x000000000001fccb     0x16c1 _build/nrf52840_xxaa/system_nrf52840.c.o
 .debug_info    0x000000000002138c     0x1827 _build/nrf52840_xxaa/boards.c.o
 .debug_info    0x0000000000022bb3     0x22cf _build/nrf52840_xxaa/nrf_drv_clock.c.o
 .debug_info    0x0000000000024e82     0x1aec _build/nrf52840_xxaa/nrf_drv_uart.c.o
 .debug_info    0x000000000002696e     0x1e4d _build/nrf52840_xxaa/nrfx_clock.c.o
 .debug_info    0x00000000000287bb     0x468a _build/nrf52840_xxaa/nrfx_gpiote.c.o
 .debug_info    0x000000000002ce45     0x11c5 _build/nrf52840_xxaa/nrfx_prs.c.o
 .debug_info    0x000000000002e00a     0x42d2 _build/nrf52840_xxaa/nrfx_uart.c.o
 .debug_info    0x00000000000322dc     0x4260 _build/nrf52840_xxaa/nrfx_uarte.c.o
 .debug_info    0x000000000003653c     0x48d8 _build/nrf52840_xxaa/main.c.o
 .debug_info    0x000000000003ae14     0x2901 _build/nrf52840_xxaa/ble_advdata.c.o
 .debug_info    0x000000000003d715     0x36db _build/nrf52840_xxaa/ble_conn_params.c.o
 .debug_info    0x0000000000040df0     0x3984 _build/nrf52840_xxaa/ble_conn_state.c.o
 .debug_info    0x0000000000044774     0x16bb _build/nrf52840_xxaa/ble_srv_common.c.o
 .debug_info    0x0000000000045e2f     0x33b9 _build/nrf52840_xxaa/nrf_ble_gatt.c.o
 .debug_info    0x00000000000491e8     0x2971 _build/nrf52840_xxaa/nrf_ble_qwr.c.o
 .debug_info    0x000000000004bb59     0x2b6a _build/nrf52840_xxaa/ble_lbs.c.o
 .debug_info    0x000000000004e6c3     0x20a8 _build/nrf52840_xxaa/nrf_sdh.c.o
 .debug_info    0x000000000005076b     0x35c4 _build/nrf52840_xxaa/nrf_sdh_ble.c.o
 .debug_info    0x0000000000053d2f      0xf4b _build/nrf52840_xxaa/nrf_sdh_soc.c.o
 .debug_info    0x0000000000054c7a      0x995 /usr/lib/gcc/arm-none-eabi/9.2.1/../../../arm-none-eabi/lib/thumb/v7e-m+fp/hard/libc_nano.a(lib_a-atexit.o)
 .debug_info    0x000000000005560f      0xe91 /usr/lib/gcc/arm-none-eabi/9.2.1/../../../arm-none-eabi/lib/thumb/v7e-m+fp/hard/libc_nano.a(lib_a-ctype_.o)
 .debug_info    0x00000000000564a0      0x9e7 /usr/lib/gcc/arm-none-eabi/9.2.1/../../../arm-none-eabi/lib/thumb/v7e-m+fp/hard/libc_nano.a(lib_a-exit.o)
 .debug_info    0x0000000000056e87      0x102 /usr/lib/gcc/arm-none-eabi/9.2.1/../../../arm-none-eabi/lib/thumb/v7e-m+fp/hard/libc_nano.a(lib_a-fini.o)
 .debug_info    0x0000000000056f89      0x92a /usr/lib/gcc/arm-none-eabi/9.2.1/../../../arm-none-eabi/lib/thumb/v7e-m+fp/hard/libc_nano.a(lib_a-impure.o)
 .debug_info    0x00000000000578b3      0x11a /usr/lib/gcc/arm-none-eabi/9.2.1/../../../arm-none-eabi/lib/thumb/v7e-m+fp/hard/libc_nano.a(lib_a-init.o)
 .debug_info    0x00000000000579cd       0x26 /usr/lib/gcc/arm-none-eabi/9.2.1/../../../arm-none-eabi/lib/thumb/v7e-m+fp/hard/libc_nano.a(lib_a-memcpy.o)
 .debug_info    0x00000000000579f3      0xf21 /usr/lib/gcc/arm-none-eabi/9.2.1/../../../arm-none-eabi/lib/thumb/v7e-m+fp/hard/libc_nano.a(lib_a-memset.o)
 .debug_info    0x0000000000058914       0x26 /usr/lib/gcc/arm-none-eabi/9.2.1/../../../arm-none-eabi/lib/thumb/v7e-m+fp/hard/libc_nano.a(lib_a-strlen.o)
 .debug_info    0x000000000005893a      0xa3c /usr/lib/gcc/arm-none-eabi/9.2.1/../../../arm-none-eabi/lib/thumb/v7e-m+fp/hard/libc_nano.a(lib_a-__atexit.o)
 .debug_info    0x0000000000059376      0xa10 /usr/lib/gcc/arm-none-eabi/9.2.1/../../../arm-none-eabi/lib/thumb/v7e-m+fp/hard/libc_nano.a(lib_a-__call_atexit.o)
 .debug_info    0x0000000000059d86       0xa3 /usr/lib/gcc/arm-none-eabi/9.2.1/../../../arm-none-eabi/lib/thumb/v7e-m+fp/hard/libnosys.a(_exit.o)

.debug_abbrev   0x0000000000000000     0xbe17
 .debug_abbrev  0x0000000000000000       0x14 /usr/lib/gcc/arm-none-eabi/9.2.1/../../../arm-none-eabi/lib/thumb/v7e-m+fp/hard/crt0.o
 .debug_abbrev  0x0000000000000014       0x14 _build/nrf52840_xxaa/gcc_startup_nrf52840.S.o
 .debug_abbrev  0x0000000000000028      0x2cc _build/nrf52840_xxaa/nrf_log_backend_serial.c.o
 .debug_abbrev  0x00000000000002f4      0x41d _build/nrf52840_xxaa/nrf_log_backend_uart.c.o
 .debug_abbrev  0x0000000000000711      0x294 _build/nrf52840_xxaa/nrf_log_default_backends.c.o
 .debug_abbrev  0x00000000000009a5      0x62f _build/nrf52840_xxaa/nrf_log_frontend.c.o
 .debug_abbrev  0x0000000000000fd4      0x320 _build/nrf52840_xxaa/nrf_log_str_formatter.c.o
 .debug_abbrev  0x00000000000012f4      0x46d _build/nrf52840_xxaa/app_button.c.o
 .debug_abbrev  0x0000000000001761      0x276 _build/nrf52840_xxaa/app_error.c.o
 .debug_abbrev  0x00000000000019d7      0x2fd _build/nrf52840_xxaa/app_error_weak.c.o
 .debug_abbrev  0x0000000000001cd4      0x58f _build/nrf52840_xxaa/app_timer2.c.o
 .debug_abbrev  0x0000000000002263      0x3df _build/nrf52840_xxaa/app_util_platform.c.o
 .debug_abbrev  0x0000000000002642      0x5d7 _build/nrf52840_xxaa/drv_rtc.c.o
 .debug_abbrev  0x0000000000002c19      0x3b9 _build/nrf52840_xxaa/nrf_atfifo.c.o
 .debug_abbrev  0x0000000000002fd2      0x37f _build/nrf52840_xxaa/nrf_atflags.c.o
 .debug_abbrev  0x0000000000003351      0x378 _build/nrf52840_xxaa/nrf_atomic.c.o
 .debug_abbrev  0x00000000000036c9      0x34d _build/nrf52840_xxaa/nrf_balloc.c.o
 .debug_abbrev  0x0000000000003a16      0x27d _build/nrf52840_xxaa/nrf_fprintf.c.o
 .debug_abbrev  0x0000000000003c93      0x3fa _build/nrf52840_xxaa/nrf_fprintf_format.c.o
 .debug_abbrev  0x000000000000408d      0x397 _build/nrf52840_xxaa/nrf_memobj.c.o
 .debug_abbrev  0x0000000000004424      0x513 _build/nrf52840_xxaa/nrf_pwr_mgmt.c.o
 .debug_abbrev  0x0000000000004937      0x2b2 _build/nrf52840_xxaa/nrf_ringbuf.c.o
 .debug_abbrev  0x0000000000004be9      0x206 _build/nrf52840_xxaa/nrf_section_iter.c.o
 .debug_abbrev  0x0000000000004def      0x284 _build/nrf52840_xxaa/nrf_sortlist.c.o
 .debug_abbrev  0x0000000000005073      0x29c _build/nrf52840_xxaa/nrf_strerror.c.o
 .debug_abbrev  0x000000000000530f      0x26e _build/nrf52840_xxaa/system_nrf52840.c.o